Component: ARM Compiler 5.06 update 3 (build 300) Tool: armlink [4d35c9]

==============================================================================

Section Cross References

    main.o(i.main) refers to bsp.o(i.bsp_init) for bsp_init
    main.o(i.main) refers to dh.o(i.dusthawk_init) for dusthawk_init
    main.o(i.main) refers to dh.o(i.dusthawk_start) for dusthawk_start
    main.o(i.main) refers to bsp.o(i.usb_status) for usb_status
    main.o(i.main) refers to bsp.o(i.bsp_delay) for bsp_delay
    main.o(i.main) refers to main.o(.data) for .data
    main.o(.data) refers to bsp.o(i.bsp_led_on) for bsp_led_on
    main.o(.data) refers to bsp.o(i.bsp_led_off) for bsp_led_off
    main.o(.data) refers to bsp.o(i.bsp_pump_on) for bsp_pump_on
    main.o(.data) refers to bsp.o(i.bsp_pump_off) for bsp_pump_off
    main.o(.data) refers to bsp.o(i.bsp_valve_open) for bsp_valve_open
    main.o(.data) refers to bsp.o(i.bsp_valve_close) for bsp_valve_close
    main.o(.data) refers to bsp.o(i.bsp_delay) for bsp_delay
    main.o(.data) refers to bsp.o(i.bsp_lcd_print_str) for bsp_lcd_print_str
    main.o(.data) refers to bsp.o(i.bsp_lcd_print_char) for bsp_lcd_print_char
    main.o(.data) refers to bsp.o(i.bsp_lcd_cursor) for bsp_lcd_cursor
    main.o(.data) refers to bsp.o(i.bsp_lcd_clear) for bsp_lcd_clear
    main.o(.data) refers to uartstdio.o(i.UARTprintf) for UARTprintf
    main.o(.data) refers to bsp.o(i.bsp_key_scanner) for bsp_key_scanner
    main.o(.data) refers to bsp.o(i.bsp_eeprom_read) for bsp_eeprom_read
    main.o(.data) refers to bsp.o(i.bsp_eeprom_write) for bsp_eeprom_write
    main.o(.data) refers to bsp.o(i.bsp_get_clock) for bsp_get_clock
    main.o(.data) refers to bsp.o(i.bsp_set_clock) for bsp_set_clock
    main.o(.data) refers to bsp.o(i.bsp_adc_get_mv) for bsp_adc_get_mv
    main.o(.data) refers to bsp.o(i.usb_status) for usb_status
    main.o(.data) refers to bsp.o(i.bsp_enable_int_01_hz) for bsp_enable_int_01_hz
    main.o(.data) refers to bsp.o(i.bsp_disable_int_01_hz) for bsp_disable_int_01_hz
    main.o(.data) refers to bsp.o(i.bsp_enable_int_32_hz) for bsp_enable_int_32_hz
    main.o(.data) refers to bsp.o(i.bsp_disable_int_32_hz) for bsp_disable_int_32_hz
    main.o(.data) refers to bsp.o(i.bsp_mount_disk) for bsp_mount_disk
    main.o(.data) refers to bsp.o(i.bsp_unmount_disk) for bsp_unmount_disk
    main.o(.data) refers to bsp.o(i.bsp_chk_disk) for bsp_chk_disk
    main.o(.data) refers to bsp.o(i.bsp_create_log) for bsp_create_log
    main.o(.data) refers to bsp.o(i.bsp_delete_log) for bsp_delete_log
    main.o(.data) refers to bsp.o(i.bsp_print_log) for bsp_print_log
    main.o(.data) refers to bsp.o(i.bsp_copy_log) for bsp_copy_log
    uartstdio.o(i.UARTStdioConfig) refers to uartstdio.o(.constdata) for .constdata
    uartstdio.o(i.UARTStdioConfig) refers to uartstdio.o(.data) for .data
    uartstdio.o(i.UARTgetc) refers to uartstdio.o(.data) for .data
    uartstdio.o(i.UARTgets) refers to uartstdio.o(i.UARTwrite) for UARTwrite
    uartstdio.o(i.UARTgets) refers to uartstdio.o(.data) for .data
    uartstdio.o(i.UARTprintf) refers to uartstdio.o(i.UARTvprintf) for UARTvprintf
    uartstdio.o(i.UARTvprintf) refers to uartstdio.o(i.UARTwrite) for UARTwrite
    uartstdio.o(i.UARTvprintf) refers to uartstdio.o(.constdata) for .constdata
    uartstdio.o(i.UARTwrite) refers to uartstdio.o(.data) for .data
    uartstdio.o(.constdata) refers to uartstdio.o(.conststring) for .conststring
    startup_rvmdk.o(STACK) refers (Special) to heapauxi.o(.text) for __use_two_region_memory
    startup_rvmdk.o(HEAP) refers (Special) to heapauxi.o(.text) for __use_two_region_memory
    startup_rvmdk.o(RESET) refers (Special) to heapauxi.o(.text) for __use_two_region_memory
    startup_rvmdk.o(RESET) refers to startup_rvmdk.o(STACK) for StackMem
    startup_rvmdk.o(RESET) refers to bsp.o(i.SysTickIntHandler) for SysTickIntHandler
    startup_rvmdk.o(RESET) refers to bsp.o(i.GPIODIntHandler) for GPIODIntHandler
    startup_rvmdk.o(RESET) refers to usbmode.o(i.USB0OTGModeIntHandler) for USB0OTGModeIntHandler
    startup_rvmdk.o(RESET) refers to bsp.o(i.WTimer5AIntHandler) for WTimer5AIntHandler
    startup_rvmdk.o(RESET) refers to bsp.o(i.WTimer5BIntHandler) for WTimer5BIntHandler
    startup_rvmdk.o(RESET) refers to __main.o(!!!main) for __main
    startup_rvmdk.o(.text) refers (Special) to heapauxi.o(.text) for __use_two_region_memory
    startup_rvmdk.o(.text) refers to startup_rvmdk.o(HEAP) for HeapMem
    startup_rvmdk.o(.text) refers to startup_rvmdk.o(STACK) for StackMem
    bsp.o(i.GPIODIntHandler) refers to gpio.o(i.GPIOIntClear) for GPIOIntClear
    bsp.o(i.GPIODIntHandler) refers to dh.o(i.dusthawk_isr_1_hz) for dusthawk_isr_1_hz
    bsp.o(i.GetTickms) refers to bsp.o(.data) for .data
    bsp.o(i.MSCCallback) refers to uartstdio.o(i.UARTprintf) for UARTprintf
    bsp.o(i.MSCCallback) refers to bsp.o(.data) for .data
[...]
    get_fattime                              0x0000d65d   Thumb Code     4  dual_disk_drv.o(i.get_fattime)
    lcd_clr                                  0x0000d9d1   Thumb Code   118  lcd.o(i.lcd_clr)
    lcd_cursor                               0x0000da61   Thumb Code    16  lcd.o(i.lcd_cursor)
    lcd_init                                 0x0000da75   Thumb Code   116  lcd.o(i.lcd_init)
    lcd_locate                               0x0000daed   Thumb Code    70  lcd.o(i.lcd_locate)
    lcd_putc                                 0x0000db39   Thumb Code   100  lcd.o(i.lcd_putc)
    lcd_puts                                 0x0000dba1   Thumb Code    20  lcd.o(i.lcd_puts)
    lcd_write                                0x0000dbb5   Thumb Code   126  lcd.o(i.lcd_write)
    main                                     0x0000e079   Thumb Code    28  main.o(i.main)
    menu_scanner                             0x0000e421   Thumb Code   190  dh.o(i.menu_scanner)
    put_fat                                  0x0000e5e5   Thumb Code   248  ff.o(i.put_fat)
    rtc_init                                 0x0000e849   Thumb Code    74  rtc.o(i.rtc_init)
    sqrt                                     0x0000f6a5   Thumb Code   110  sqrt_full.o(i.sqrt)
    uDMAChannelAttributeDisable              0x0000fa89   Thumb Code    66  udma.o(i.uDMAChannelAttributeDisable)
    uDMAChannelControlSet                    0x0000fad1   Thumb Code    24  udma.o(i.uDMAChannelControlSet)
    uDMAChannelDisable                       0x0000faf1   Thumb Code    16  udma.o(i.uDMAChannelDisable)
    uDMAChannelEnable                        0x0000fb05   Thumb Code    16  udma.o(i.uDMAChannelEnable)
    uDMAChannelModeGet                       0x0000fb19   Thumb Code    34  udma.o(i.uDMAChannelModeGet)
    uDMAChannelTransferSet                   0x0000fb41   Thumb Code   124  udma.o(i.uDMAChannelTransferSet)
    usb_status                               0x0000ff81   Thumb Code    56  bsp.o(i.usb_status)
    _get_lc_numeric                          0x00010209   Thumb Code    44  lc_numeric_c.o(locale$$code)
    _get_lc_ctype                            0x00010235   Thumb Code    44  lc_ctype_c.o(locale$$code)
    __aeabi_dneg                             0x00010261   Thumb Code     0  basic.o(x$fpl$basic)
    _dneg                                    0x00010261   Thumb Code     6  basic.o(x$fpl$basic)
    __aeabi_fneg                             0x00010267   Thumb Code     0  basic.o(x$fpl$basic)
    _fneg                                    0x00010267   Thumb Code     6  basic.o(x$fpl$basic)
    _dabs                                    0x0001026d   Thumb Code     6  basic.o(x$fpl$basic)
    _fabs                                    0x00010273   Thumb Code     6  basic.o(x$fpl$basic)
    __aeabi_d2f                              0x00010279   Thumb Code     0  d2f_clz.o(x$fpl$d2f)
    _d2f                                     0x00010279   Thumb Code   700  d2f_clz.o(x$fpl$d2f)
    __aeabi_dadd                             0x0001053d   Thumb Code     0  daddsub_clz.o(x$fpl$dadd)
    _dadd                                    0x0001053d   Thumb Code   580  daddsub_clz.o(x$fpl$dadd)
    __fpl_dcheck_NaN1                        0x00010789   Thumb Code    28  dcheck1.o(x$fpl$dcheck1)
    __fpl_dcmp_Inf                           0x000107a5   Thumb Code    24  dcmpi.o(x$fpl$dcmpinf)
    __aeabi_ddiv                             0x000107bd   Thumb Code     0  ddiv_clz.o(x$fpl$ddiv)
    _ddiv                                    0x000107bd   Thumb Code   748  ddiv_clz.o(x$fpl$ddiv)
    __aeabi_cdcmpeq                          0x00010b39   Thumb Code     0  deqf.o(x$fpl$deqf)
    _dcmpeq                                  0x00010b39   Thumb Code   116  deqf.o(x$fpl$deqf)
    __aeabi_i2d                              0x00010bad   Thumb Code     0  dflt_clz.o(x$fpl$dflt)
    _dflt                                    0x00010bad   Thumb Code    46  dflt_clz.o(x$fpl$dflt)
    __dflt_normalise                         0x00010bdb   Thumb Code    26  dflt_clz.o(x$fpl$dfltn)
    __aeabi_cdcmple                          0x00010bf5   Thumb Code     0  dleqf.o(x$fpl$dleqf)
    _dcmple                                  0x00010bf5   Thumb Code   120  dleqf.o(x$fpl$dleqf)
    __fpl_dcmple_InfNaN                      0x00010c4d   Thumb Code     0  dleqf.o(x$fpl$dleqf)
    __aeabi_dmul                             0x00010c6d   Thumb Code     0  dmul_clz.o(x$fpl$dmul)
    _dmul                                    0x00010c6d   Thumb Code   440  dmul_clz.o(x$fpl$dmul)
    __fpl_dnaninf                            0x00010e2d   Thumb Code   258  dnaninf.o(x$fpl$dnaninf)
    __fpl_drenorm2                           0x00010f2f   Thumb Code   106  drenorm_clz.o(x$fpl$drenorm)
    __fpl_drenorm1                           0x00010f99   Thumb Code     6  drenorm_clz.o(x$fpl$drenorm)
    __fpl_dretinf                            0x00010f9f   Thumb Code    12  dretinf.o(x$fpl$dretinf)
    __aeabi_cdrcmple                         0x00010fab   Thumb Code     0  drleqf.o(x$fpl$drleqf)
    _drcmple                                 0x00010fab   Thumb Code    98  drleqf.o(x$fpl$drleqf)
    __aeabi_drsub                            0x0001100d   Thumb Code     0  daddsub_clz.o(x$fpl$drsb)
    _drsb                                    0x0001100d   Thumb Code    74  daddsub_clz.o(x$fpl$drsb)
    _dsqrt                                   0x0001105d   Thumb Code   520  dsqrt_umaalclz.o(x$fpl$dsqrt)
    __aeabi_dsub                             0x00011265   Thumb Code     0  daddsub_clz.o(x$fpl$dsub)
    _dsub                                    0x00011265   Thumb Code   664  daddsub_clz.o(x$fpl$dsub)
    __dunder                                 0x00011501   Thumb Code   314  dunder_clz.o(x$fpl$dunder)
    __dunder_d                               0x0001163b   Thumb Code    64  dunder_clz.o(x$fpl$dunder)
    __fpl_exception                          0x0001167d   Thumb Code   454  except.o(x$fpl$exception)
    __aeabi_f2d                              0x00011869   Thumb Code     0  f2d.o(x$fpl$f2d)
    _f2d                                     0x00011869   Thumb Code   122  f2d.o(x$fpl$f2d)
    __fpl_fnaninf                            0x000118e3   Thumb Code   242  fnaninf.o(x$fpl$fnaninf)
    _fp_init                                 0x000119d5   Thumb Code    10  fpinit.o(x$fpl$fpinit)
    __fplib_config_fpu_vfp                   0x000119dd   Thumb Code     0  fpinit.o(x$fpl$fpinit)
    __fplib_config_pureend_doubles           0x000119dd   Thumb Code     0  fpinit.o(x$fpl$fpinit)
    __fpl_fretinf                            0x000119df   Thumb Code    10  fretinf.o(x$fpl$fretinf)
    __funder                                 0x000119e9   Thumb Code   254  funder_clz.o(x$fpl$funder)
    __funder_d                               0x00011ae7   Thumb Code    62  funder_clz.o(x$fpl$funder)
    __ieee_status                            0x00011b25   Thumb Code    28  istatus.o(x$fpl$ieeestatus)
    _printf_fp_dec                           0x00011b45   Thumb Code     4  printf1.o(x$fpl$printf1)
    _printf_fp_hex                           0x00011b49   Thumb Code     4  printf2.o(x$fpl$printf2)
    __fpl_return_NaN                         0x00011b4d   Thumb Code   178  retnan.o(x$fpl$retnan)
    __ARM_scalbn                             0x00011c01   Thumb Code   270  scalbn_clz.o(x$fpl$scalbn)
    _scanf_real                              0x00011d15   Thumb Code     4  scanf1.o(x$fpl$scanf1)
    _scanf_hex_real                          0x00011d19   Thumb Code     4  scanf2.o(x$fpl$scanf2)
    _scanf_infnan                            0x00011d1d   Thumb Code     4  scanf2.o(x$fpl$scanf2)
    _fp_trapveneer                           0x00011d21   Thumb Code    36  trapv.o(x$fpl$trapveneer)
    __fpl_cmpreturn                          0x00011d45   Thumb Code    90  trapv.o(x$fpl$trapveneer)
    __I$use$fp                               0x00011d9e   Number         0  usenofp.o(x$fpl$usenofp)
    g_sUSBEventDriver                        0x00011dbc   Data          16  bsp.o(.constdata)
    FSM                                      0x00011dd4   Data        1364  dh.o(.constdata)
    g_sUSBHostMSCClassDriver                 0x00012938   Data          16  usbhmsc.o(.constdata)
    _monlen                                  0x00012a6e   Data          12  _monlen.o(.constdata)
    __mathlib_zero                           0x00012a80   Data           8  qnan.o(.constdata)
    Region$$Table$$Base                      0x00012be4   Number         0  anon$$obj.o(Region$$Table)
    Region$$Table$$Limit                     0x00012c04   Number         0  anon$$obj.o(Region$$Table)
    __aeabi_HUGE_VAL                         0x00012c04   Data           0  fpconst.o(c$$dinf)
    __aeabi_HUGE_VALL                        0x00012c04   Data           0  fpconst.o(c$$dinf)
    __aeabi_INFINITY                         0x00012c04   Data           0  fpconst.o(c$$dinf)
    __dInf                                   0x00012c04   Data           0  fpconst.o(c$$dinf)
    __huge_val                               0x00012c04   Data           0  fpconst.o(c$$dinf)
    __ctype                                  0x00012c35   Data           0  lc_ctype_c.o(locale$$data)
    dusthawk                                 0x20000000   Data         136  main.o(.data)
    g_eState                                 0x20000090   Data           1  bsp.o(.data)
    g_eUIState                               0x20000091   Data           1  bsp.o(.data)
    g_psMSCInstance                          0x20000094   Data           4  bsp.o(.data)
    g_ui32UnknownClass                       0x20000098   Data           4  bsp.o(.data)
    g_ui32SysTickCount                       0x2000009c   Data           4  bsp.o(.data)
    g_ui32LastTick                           0x200000a0   Data           4  bsp.o(.data)
    duty_adjst                               0x200000e0   Data           4  dh.o(.data)
    duty                                     0x200000e4   Data           4  dh.o(.data)
    g_iUSBMode                               0x20000114   Data           1  usbmode.o(.data)
    g_eOTGModeState                          0x20000116   Data           1  usbmode.o(.data)
    g_ui32WaitTicks                          0x20000118   Data           4  usbmode.o(.data)
    g_ui32PollRate                           0x2000011c   Data           4  usbmode.o(.data)
    g_ppsDevInfo                             0x20000130   Data           4  usbdenum.o(.data)
    g_bUSBTimerInitialized                   0x2000013c   Data           1  usbtick.o(.data)
    g_ui32CurrentUSBTick                     0x20000140   Data           4  usbtick.o(.data)
    g_ui32USBSOFCount                        0x20000144   Data           4  usbtick.o(.data)
    g_pHCDPool                               0x20000800   Data         128  bsp.o(.bss)
    g_sDMAControlTable                       0x20000c00   Data          96  bsp.o(.bss)
    fs                                       0x20000c60   Data        1128  bsp.o(.bss)
    PID                                      0x20001170   Data          36  dh.o(.bss)
    g_psDCDInst                              0x20001e40   Data          80  usbdenum.o(.bss)
    g_pfnTickHandlers                        0x2000203c   Data          24  usbtick.o(.bss)
    g_pvTickInstance                         0x20002054   Data          24  usbtick.o(.bss)
    __libspace_start                         0x2000206c   Data          96  libspace.o(.bss)
    __temporary_stack_top$libspace           0x200020cc   Data           0  libspace.o(.bss)



==============================================================================

Memory Map of the image

  Image Entry point : 0x0000026d

  Load Region LR_IROM1 (Base: 0x00000000, Size: 0x000133a4, Max: 0x00040000, ABSOLUTE, COMPRESSED[0x00012db8])

    Execution Region ER_IROM1 (Base: 0x00000000, Size: 0x00012d38, Max: 0x00040000, ABSOLUTE)

    Base Addr    Size         Type   Attr      Idx    E Section Name        Object

    0x00000000   0x00000288   Code   RO          114  * RESET               startup_rvmdk.o
    0x00000288   0x00000008   Code   RO         5428  * !!!main             c_w.l(__main.o)
    0x00000290   0x00000034   Code   RO         5876    !!!scatter          c_w.l(__scatter.o)
    0x000002c4   0x0000003a   Code   RO         5874    !!dczerorl          c_w.l(__dczerorl.o)
    0x000002fe   0x00000002   PAD
    0x00000300   0x0000001c   Code   RO         5878    !!handler_zi        c_w.l(__scatter_zi.o)
    0x0000031c   0x00000000   Code   RO         5402    .ARM.Collect$$_printf_percent$$00000000  c_w.l(_printf_percent.o)
    0x0000031c   0x00000006   Code   RO         5515    .ARM.Collect$$_printf_percent$$00000001  c_w.l(_printf_n.o)
    0x00000322   0x00000006   Code   RO         5516    .ARM.Collect$$_printf_percent$$00000002  c_w.l(_printf_p.o)
    0x00000328   0x00000006   Code   RO         5398    .ARM.Collect$$_printf_percent$$00000003  c_w.l(_printf_f.o)
    0x0000032e   0x00000006   Code   RO         5399    .ARM.Collect$$_printf_percent$$00000004  c_w.l(_printf_e.o)
    0x00000334   0x00000006   Code   RO         5400    .ARM.Collect$$_printf_percent$$00000005  c_w.l(_printf_g.o)
    0x0000033a   0x00000006   Code   RO         5401    .ARM.Collect$$_printf_percent$$00000006  c_w.l(_printf_a.o)
    0x00000340   0x0000000a   Code   RO         5521    .ARM.Collect$$_printf_percent$$00000007  c_w.l(_printf_ll.o)
    0x0000034a   0x00000006   Code   RO         5395    .ARM.Collect$$_printf_percent$$00000008  c_w.l(_printf_i.o)
    0x00000350   0x00000006   Code   RO         5396    .ARM.Collect$$_printf_percent$$00000009  c_w.l(_printf_d.o)
    0x00000356   0x00000006   Code   RO         5397    .ARM.Collect$$_printf_percent$$0000000A  c_w.l(_printf_u.o)
    0x0000035c   0x00000006   Code   RO         5394    .ARM.Collect$$_printf_percent$$0000000B  c_w.l(_printf_o.o)
    0x00000362   0x00000006   Code   RO         5393    .ARM.Collect$$_printf_percent$$0000000C  c_w.l(_printf_x.o)
    0x00000368   0x00000006   Code   RO         5518    .ARM.Collect$$_printf_percent$$0000000D  c_w.l(_printf_lli.o)
    0x0000036e   0x00000006   Code   RO         5519    .ARM.Collect$$_printf_percent$$0000000E  c_w.l(_printf_lld.o)
    0x00000374   0x00000006   Code   RO         5520    .ARM.Collect$$_printf_percent$$0000000F  c_w.l(_printf_llu.o)
    0x0000037a   0x00000006   Code   RO         5524    .ARM.Collect$$_printf_percent$$00000010  c_w.l(_printf_llo.o)
    0x00000380   0x00000006   Code   RO         5525    .ARM.Collect$$_printf_percent$$00000011  c_w.l(_printf_llx.o)
    0x00000386   0x0000000a   Code   RO         5522    .ARM.Collect$$_printf_percent$$00000012  c_w.l(_printf_l.o)
    0x00000390   0x00000006   Code   RO         5391    .ARM.Collect$$_printf_percent$$00000013  c_w.l(_printf_c.o)
    0x00000396   0x00000006   Code   RO         5392    .ARM.Collect$$_printf_percent$$00000014  c_w.l(_printf_s.o)
    0x0000039c   0x00000006   Code   RO         5403    .ARM.Collect$$_printf_percent$$00000015  c_w.l(_printf_lc.o)
    0x000003a2   0x00000006   Code   RO         5523    .ARM.Collect$$_printf_percent$$00000016  c_w.l(_printf_ls.o)
    0x000003a8   0x00000004   Code   RO         5517    .ARM.Collect$$_printf_percent$$00000017  c_w.l(_printf_percent_end.o)
    0x000003ac   0x00000002   Code   RO         5719    .ARM.Collect$$libinit$$00000000  c_w.l(libinit.o)
    0x000003ae   0x00000004   Code   RO         5720    .ARM.Collect$$libinit$$00000001  c_w.l(libinit2.o)
    0x000003b2   0x00000000   Code   RO         5723    .ARM.Collect$$libinit$$00000004  c_w.l(libinit2.o)
    0x000003b2   0x00000000   Code   RO         5726    .ARM.Collect$$libinit$$0000000A  c_w.l(libinit2.o)
    0x000003b2   0x00000000   Code   RO         5728    .ARM.Collect$$libinit$$0000000C  c_w.l(libinit2.o)
    0x000003b2   0x00000000   Code   RO         5730    .ARM.Collect$$libinit$$0000000E  c_w.l(libinit2.o)
    0x000003b2   0x00000006   Code   RO         5731    .ARM.Collect$$libinit$$0000000F  c_w.l(libinit2.o)
    0x000003b8   0x00000000   Code   RO         5733    .ARM.Collect$$libinit$$00000011  c_w.l(libinit2.o)
    0x000003b8   0x0000000c   Code   RO         5734    .ARM.Collect$$libinit$$00000012  c_w.l(libinit2.o)
    0x000003c4   0x00000000   Code   RO         5735    .ARM.Collect$$libinit$$00000013  c_w.l(libinit2.o)
    0x000003c4   0x00000000   Code   RO         5737    .ARM.Collect$$libinit$$00000015  c_w.l(libinit2.o)
    0x000003c4   0x0000000a   Code   RO         5738    .ARM.Collect$$libinit$$00000016  c_w.l(libinit2.o)
    0x000003ce   0x00000000   Code   RO         5739    .ARM.Collect$$libinit$$00000017  c_w.l(libinit2.o)
    0x000003ce   0x00000000   Code   RO         5741    .ARM.Collect$$libinit$$00000019  c_w.l(libinit2.o)
    0x000003ce   0x00000000   Code   RO         5743    .ARM.Collect$$libinit$$0000001B  c_w.l(libinit2.o)
    0x000003ce   0x00000000   Code   RO         5745    .ARM.Collect$$libinit$$0000001D  c_w.l(libinit2.o)
    0x000003ce   0x00000000   Code   RO         5747    .ARM.Collect$$libinit$$0000001F  c_w.l(libinit2.o)
    0x000003ce   0x00000000   Code   RO         5749    .ARM.Collect$$libinit$$00000021  c_w.l(libinit2.o)
    0x000003ce   0x00000000   Code   RO         5751    .ARM.Collect$$libinit$$00000023  c_w.l(libinit2.o)
    0x000003ce   0x00000000   Code   RO         5753    .ARM.Collect$$libinit$$00000025  c_w.l(libinit2.o)
    0x000003ce   0x00000000   Code   RO         5757    .ARM.Collect$$libinit$$0000002C  c_w.l(libinit2.o)
    0x000003ce   0x00000000   Code   RO         5759    .ARM.Collect$$libinit$$0000002E  c_w.l(libinit2.o)
    0x000003ce   0x00000000   Code   RO         5761    .ARM.Collect$$libinit$$00000030  c_w.l(libinit2.o)
    0x000003ce   0x00000000   Code   RO         5763    .ARM.Collect$$libinit$$00000032  c_w.l(libinit2.o)
    0x000003ce   0x00000002   Code   RO         5764    .ARM.Collect$$libinit$$00000033  c_w.l(libinit2.o)
    0x000003d0   0x00000002   Code   RO         5839    .ARM.Collect$$libshutdown$$00000000  c_w.l(libshutdown.o)
    0x000003d2   0x00000000   Code   RO         5857    .ARM.Collect$$libshutdown$$00000002  c_w.l(libshutdown2.o)
    0x000003d2   0x00000000   Code   RO         5859    .ARM.Collect$$libshutdown$$00000004  c_w.l(libshutdown2.o)
    0x000003d2   0x00000000   Code   RO         5862    .ARM.Collect$$libshutdown$$00000007  c_w.l(libshutdown2.o)
    0x000003d2   0x00000000   Code   RO         5865    .ARM.Collect$$libshutdown$$0000000A  c_w.l(libshutdown2.o)
    0x000003d2   0x00000000   Code   RO         5867    .ARM.Collect$$libshutdown$$0000000C  c_w.l(libshutdown2.o)
    0x000003d2   0x00000000   Code   RO         5870    .ARM.Collect$$libshutdown$$0000000F  c_w.l(libshutdown2.o)
    0x000003d2   0x00000002   Code   RO         5871    .ARM.Collect$$libshutdown$$00000010  c_w.l(libshutdown2.o)
    0x000003d4   0x00000000   Code   RO         5486    .ARM.Collect$$rtentry$$00000000  c_w.l(__rtentry.o)
    0x000003d4   0x00000000   Code   RO         5607    .ARM.Collect$$rtentry$$00000002  c_w.l(__rtentry2.o)
    0x000003d4   0x00000006   Code   RO         5619    .ARM.Collect$$rtentry$$00000004  c_w.l(__rtentry4.o)
    0x000003da   0x00000000   Code   RO         5609    .ARM.Collect$$rtentry$$00000009  c_w.l(__rtentry2.o)
    0x000003da   0x00000004   Code   RO         5610    .ARM.Collect$$rtentry$$0000000A  c_w.l(__rtentry2.o)
    0x000003de   0x00000000   Code   RO         5612    .ARM.Collect$$rtentry$$0000000C  c_w.l(__rtentry2.o)
    0x000003de   0x00000008   Code   RO         5613    .ARM.Collect$$rtentry$$0000000D  c_w.l(__rtentry2.o)
    0x000003e6   0x00000002   Code   RO         5775    .ARM.Collect$$rtexit$$00000000  c_w.l(rtexit.o)
    0x000003e8   0x00000000   Code   RO         5808    .ARM.Collect$$rtexit$$00000002  c_w.l(rtexit2.o)
    0x000003e8   0x00000004   Code   RO         5809    .ARM.Collect$$rtexit$$00000003  c_w.l(rtexit2.o)
    0x000003ec   0x00000006   Code   RO         5810    .ARM.Collect$$rtexit$$00000004  c_w.l(rtexit2.o)
    0x000003f2   0x00000002   PAD
    0x000003f4   0x00000006   Code   RO         2725    .emb_text           driverlib.lib(sysctl.o)
    0x000003fa   0x00000002   PAD
    0x000003fc   0x00000026   Code   RO         3875    .emb_text           driverlib.lib(cpu.o)
    0x00000422   0x00000002   PAD
    0x00000424   0x00000018   Code   RO          115    .text               startup_rvmdk.o
    0x0000043c   0x00000038   Code   RO         3826    .text               arm_cortexM4lf_math.lib(arm_pid_init_f32.o)
    0x00000474   0x00000024   Code   RO         5321    .text               c_w.l(vsprintf.o)
    0x00000498   0x0000002c   Code   RO         5323    .text               c_w.l(__2sprintf.o)
    0x000004c4   0x00000038   Code   RO         5325    .text               c_w.l(__2snprintf.o)
    0x000004fc   0x0000004e   Code   RO         5333    .text               c_w.l(_printf_pad.o)
    0x0000054a   0x00000024   Code   RO         5335    .text               c_w.l(_printf_truncate.o)
    0x0000056e   0x00000052   Code   RO         5337    .text               c_w.l(_printf_str.o)
    0x000005c0   0x00000078   Code   RO         5339    .text               c_w.l(_printf_dec.o)
    0x00000638   0x000000bc   Code   RO         5341    .text               c_w.l(_printf_wctomb.o)
    0x000006f4   0x00000070   Code   RO         5348    .text               c_w.l(_printf_oct_int_ll.o)
    0x00000764   0x00000094   Code   RO         5368    .text               c_w.l(_printf_hex_int_ll_ptr.o)
    0x000007f8   0x00000188   Code   RO         5388    .text               c_w.l(__printf_flags_ss_wp.o)
    0x00000980   0x0000003c   Code   RO         5404    .text               c_w.l(__0sscanf.o)
    0x000009bc   0x000000e0   Code   RO         5406    .text               c_w.l(_scanf_str.o)
    0x00000a9c   0x0000001a   Code   RO         5408    .text               c_w.l(atoi.o)
    0x00000ab6   0x00000048   Code   RO         5410    .text               c_w.l(strcpy.o)
    0x00000afe   0x0000003e   Code   RO         5412    .text               c_w.l(strlen.o)
    0x00000b3c   0x00000096   Code   RO         5414    .text               c_w.l(strncmp.o)
    0x00000bd2   0x00000010   Code   RO         5416    .text               c_w.l(aeabi_memset.o)
    0x00000be2   0x0000004e   Code   RO         5418    .text               c_w.l(rt_memclr_w.o)
    0x00000c30   0x00000056   Code   RO         5420    .text               c_w.l(strncpy.o)
    0x00000c86   0x00000002   PAD
    0x00000c88   0x00000080   Code   RO         5422    .text               c_w.l(strcmpv7m.o)
    0x00000d08   0x000001ac   Code   RO         5424    .text               c_w.l(mktime.o)
    0x00000eb4   0x00000006   Code   RO         5426    .text               c_w.l(heapauxi.o)
    0x00000eba   0x00000002   PAD
    0x00000ebc   0x00000008   Code   RO         5490    .text               c_w.l(rt_errno_addr_intlibspace.o)
    0x00000ec4   0x00000016   Code   RO         5492    .text               c_w.l(_rserrno.o)
    0x00000eda   0x000000b2   Code   RO         5494    .text               c_w.l(_printf_intcommon.o)
    0x00000f8c   0x00000028   Code   RO         5496    .text               c_w.l(_printf_charcount.o)
    0x00000fb4   0x0000041a   Code   RO         5498    .text               c_w.l(_printf_fp_dec.o)
    0x000013ce   0x00000002   PAD
    0x000013d0   0x000002fc   Code   RO         5500    .text               c_w.l(_printf_fp_hex.o)
    0x000016cc   0x00000030   Code   RO         5503    .text               c_w.l(_printf_char_common.o)
    0x000016fc   0x0000000a   Code   RO         5505    .text               c_w.l(_sputc.o)
    0x00001706   0x00000010   Code   RO         5507    .text               c_w.l(_snputc.o)
    0x00001716   0x0000002c   Code   RO         5509    .text               c_w.l(_printf_char.o)
    0x00001742   0x0000002c   Code   RO         5511    .text               c_w.l(_printf_wchar.o)
    0x0000176e   0x00000002   PAD
    0x00001770   0x0000007c   Code   RO         5513    .text               c_w.l(_printf_longlong_dec.o)
    0x000017ec   0x000004a4   Code   RO         5526    .text               c_w.l(scanf_fp.o)
    0x00001c90   0x0000002c   Code   RO         5528    .text               c_w.l(scanf_char.o)
    0x00001cbc   0x00000040   Code   RO         5530    .text               c_w.l(_sgetc.o)
    0x00001cfc   0x00000070   Code   RO         5532    .text               c_w.l(strtol.o)
    0x00001d6c   0x00000040   Code   RO         5534    .text               c_w.l(_wcrtomb.o)
    0x00001dac   0x00000044   Code   RO         5536    .text               c_w.l(rt_memclr.o)
    0x00001df0   0x00000008   Code   RO         5603    .text               c_w.l(libspace.o)
    0x00001df8   0x00000010   Code   RO         5621    .text               c_w.l(rt_ctype_table.o)
    0x00001e08   0x00000008   Code   RO         5626    .text               c_w.l(rt_locale_intlibspace.o)
    0x00001e10   0x0000008a   Code   RO         5628    .text               c_w.l(lludiv10.o)
    0x00001e9a   0x00000002   PAD
    0x00001e9c   0x00000030   Code   RO         5630    .text               c_w.l(_fptrap.o)
    0x00001ecc   0x00000012   Code   RO         5632    .text               c_w.l(isspace.o)
    0x00001ede   0x00000002   PAD
    0x00001ee0   0x00000080   Code   RO         5634    .text               c_w.l(_printf_fp_infnan.o)
    0x00001f60   0x00000374   Code   RO         5638    .text               c_w.l(_scanf.o)
    0x000022d4   0x0000009e   Code   RO         5640    .text               c_w.l(_strtoul.o)
    0x00002372   0x00000002   PAD
    0x00002374   0x000000dc   Code   RO         5642    .text               c_w.l(bigflt0.o)
    0x00002450   0x0000004a   Code   RO         5697    .text               c_w.l(sys_stackheap_outer.o)
    0x0000249a   0x0000001c   Code   RO         5699    .text               c_w.l(_chval.o)
    0x000024b6   0x00000002   PAD
    0x000024b8   0x00000320   Code   RO         5701    .text               c_w.l(scanf_hexfp.o)
    0x000027d8   0x00000134   Code   RO         5703    .text               c_w.l(scanf_infnan.o)
    0x0000290c   0x00000012   Code   RO         5708    .text               c_w.l(exit.o)
    0x0000291e   0x0000000e   Code   RO         5710    .text               c_w.l(defsig_fpe_outer.o)
    0x0000292c   0x00000026   Code   RO         5779    .text               c_w.l(llshl.o)
    0x00002952   0x0000000a   Code   RO         5781    .text               c_w.l(defsig_exit.o)
    0x0000295c   0x000000ac   Code   RO         5783    .text               c_w.l(defsig_fpe_inner.o)
    0x00002a08   0x0000000c   Code   RO         5805    .text               c_w.l(sys_exit.o)
    0x00002a14   0x00000032   Code   RO         5816    .text               c_w.l(defsig_general.o)
    0x00002a46   0x0000000e   Code   RO         5822    .text               c_w.l(sys_wrch.o)
    0x00002a54   0x00000002   Code   RO         5826    .text               c_w.l(use_no_semi.o)
    0x00002a56   0x00000000   Code   RO         5828    .text               c_w.l(indicate_semi.o)
    0x00002a56   0x0000003e   Code   RO         5645    CL$$btod_d2e        c_w.l(btod.o)
    0x00002a94   0x00000046   Code   RO         5647    CL$$btod_d2e_denorm_low  c_w.l(btod.o)
    0x00002ada   0x00000060   Code   RO         5646    CL$$btod_d2e_norm_op1  c_w.l(btod.o)
    0x00002b3a   0x00000338   Code   RO         5655    CL$$btod_div_common  c_w.l(btod.o)
    0x00002e72   0x00000002   PAD
    0x00002e74   0x00000054   Code   RO         5653    CL$$btod_e2d        c_w.l(btod.o)
    0x00002ec8   0x000000c6   Code   RO         5652    CL$$btod_e2e        c_w.l(btod.o)
    0x00002f8e   0x00000028   Code   RO         5649    CL$$btod_ediv       c_w.l(btod.o)
    0x00002fb6   0x00000028   Code   RO         5651    CL$$btod_edivd      c_w.l(btod.o)
    0x00002fde   0x00000028   Code   RO         5648    CL$$btod_emul       c_w.l(btod.o)
    0x00003006   0x00000028   Code   RO         5650    CL$$btod_emuld      c_w.l(btod.o)
    0x0000302e   0x00000244   Code   RO         5654    CL$$btod_mult_common  c_w.l(btod.o)
    0x00003272   0x00000012   Code   RO         1358    i.ADCHardwareOversampleConfigure  driverlib.lib(adc.o)
    0x00003284   0x0000000a   Code   RO         1359    i.ADCIntClear       driverlib.lib(adc.o)
    0x0000328e   0x00000034   Code   RO         1366    i.ADCIntStatus      driverlib.lib(adc.o)
    0x000032c2   0x0000001a   Code   RO         1371    i.ADCProcessorTrigger  driverlib.lib(adc.o)
    0x000032dc   0x00000068   Code   RO         1374    i.ADCSequenceConfigure  driverlib.lib(adc.o)
    0x00003344   0x00000024   Code   RO         1377    i.ADCSequenceDataGet  driverlib.lib(adc.o)
    0x00003368   0x0000000e   Code   RO         1379    i.ADCSequenceEnable  driverlib.lib(adc.o)
    0x00003376   0x0000009a   Code   RO         1382    i.ADCSequenceStepConfigure  driverlib.lib(adc.o)
    0x00003410   0x00000070   Code   RO         3400    i.ConfigDescAlloc   usblib.lib(usbhostenum.o)
    0x00003480   0x00000040   Code   RO         3401    i.ConfigDescFree    usblib.lib(usbhostenum.o)
    0x000034c0   0x00000010   Code   RO          615    i.DESELECT          dual_disk_drv.o
    0x000034d0   0x00000040   Code   RO         4725    i.DMAUSBIntHandler  usblib.lib(usbdma.o)
    0x00003510   0x0000000e   Code   RO         4726    i.DMAUSBIntStatusClear  usblib.lib(usbdma.o)
    0x0000351e   0x00000004   Code   RO         4727    i.DMAUSBStatus      usblib.lib(usbdma.o)
    0x00003522   0x00000002   PAD
    0x00003524   0x00000044   Code   RO         1627    i.EEPROMInit        driverlib.lib(eeprom.o)
    0x00003568   0x00000164   Code   RO         1633    i.EEPROMProgram     driverlib.lib(eeprom.o)
    0x000036cc   0x00000034   Code   RO         1635    i.EEPROMRead        driverlib.lib(eeprom.o)
    0x00003700   0x00000018   Code   RO          121    i.GPIODIntHandler   bsp.o
    0x00003718   0x00000028   Code   RO         1754    i.GPIODirModeSet    driverlib.lib(gpio.o)
    0x00003740   0x00000006   Code   RO         1755    i.GPIOIntClear      driverlib.lib(gpio.o)
    0x00003746   0x0000000c   Code   RO         1757    i.GPIOIntEnable     driverlib.lib(gpio.o)
    0x00003752   0x00000138   Code   RO         1764    i.GPIOPadConfigSet  driverlib.lib(gpio.o)
    0x0000388a   0x00000002   PAD
    0x0000388c   0x00000044   Code   RO         1765    i.GPIOPinConfigure  driverlib.lib(gpio.o)
    0x000038d0   0x0000001c   Code   RO         1767    i.GPIOPinTypeADC    driverlib.lib(gpio.o)
    0x000038ec   0x0000001c   Code   RO         1775    i.GPIOPinTypeGPIOInput  driverlib.lib(gpio.o)
    0x00003908   0x0000001c   Code   RO         1776    i.GPIOPinTypeGPIOOutput  driverlib.lib(gpio.o)
    0x00003924   0x0000001c   Code   RO         1779    i.GPIOPinTypeI2C    driverlib.lib(gpio.o)
    0x00003940   0x0000001c   Code   RO         1780    i.GPIOPinTypeI2CSCL  driverlib.lib(gpio.o)
    0x0000395c   0x0000001c   Code   RO         1783    i.GPIOPinTypePWM    driverlib.lib(gpio.o)
    0x00003978   0x0000001c   Code   RO         1785    i.GPIOPinTypeSSI    driverlib.lib(gpio.o)
    0x00003994   0x0000001c   Code   RO         1786    i.GPIOPinTypeTimer  driverlib.lib(gpio.o)
    0x000039b0   0x0000001c   Code   RO         1789    i.GPIOPinTypeUSBAnalog  driverlib.lib(gpio.o)
    0x000039cc   0x00000006   Code   RO         1794    i.GPIOPinWrite      driverlib.lib(gpio.o)
    0x000039d2   0x00000002   PAD
    0x000039d4   0x00000020   Code   RO          122    i.GetTickms         bsp.o
    0x000039f4   0x0000000c   Code   RO         2050    i.I2CMasterBusy     driverlib.lib(i2c.o)
    0x00003a00   0x00000004   Code   RO         2051    i.I2CMasterControl  driverlib.lib(i2c.o)
    0x00003a04   0x00000004   Code   RO         2052    i.I2CMasterDataGet  driverlib.lib(i2c.o)
    0x00003a08   0x00000004   Code   RO         2053    i.I2CMasterDataPut  driverlib.lib(i2c.o)
    0x00003a0c   0x00000054   Code   RO         2058    i.I2CMasterInitExpClk  driverlib.lib(i2c.o)
    0x00003a60   0x00000008   Code   RO         2068    i.I2CMasterSlaveAddrSet  driverlib.lib(i2c.o)
    0x00003a68   0x00000098   Code   RO          526    i.I2CSend           rtc.o
    0x00003b00   0x00000064   Code   RO         2376    i.IntDisable        driverlib.lib(interrupt.o)
    0x00003b64   0x00000064   Code   RO         2377    i.IntEnable         driverlib.lib(interrupt.o)
    0x00003bc8   0x00000060   Code   RO         2378    i.IntIsEnabled      driverlib.lib(interrupt.o)
    0x00003c28   0x0000000e   Code   RO         2380    i.IntMasterEnable   driverlib.lib(interrupt.o)
    0x00003c36   0x00000002   PAD
    0x00003c38   0x00000034   Code   RO         2389    i.IntRegister       driverlib.lib(interrupt.o)
    0x00003c6c   0x00000038   Code   RO         3402    i.InternalUSBHCDSendEvent  usblib.lib(usbhostenum.o)
    0x00003ca4   0x00000038   Code   RO         5033    i.InternalUSBStartOfFrameTick  usblib.lib(usbtick.o)
    0x00003cdc   0x00000038   Code   RO         5034    i.InternalUSBTickInit  usblib.lib(usbtick.o)
    0x00003d14   0x00000060   Code   RO          123    i.MSCCallback       bsp.o
    0x00003d74   0x0000001c   Code   RO         3733    i.OTGDeviceDisconnect  usblib.lib(usbmode.o)
    0x00003d90   0x0000000c   Code   RO         2494    i.PWMDeadBandDisable  driverlib.lib(pwm.o)
    0x00003d9c   0x00000026   Code   RO         2500    i.PWMGenConfigure   driverlib.lib(pwm.o)
    0x00003dc2   0x0000000a   Code   RO         2502    i.PWMGenEnable      driverlib.lib(pwm.o)
    0x00003dcc   0x00000012   Code   RO         2515    i.PWMGenPeriodSet   driverlib.lib(pwm.o)
    0x00003dde   0x00000010   Code   RO         2522    i.PWMOutputState    driverlib.lib(pwm.o)
    0x00003dee   0x00000020   Code   RO         2525    i.PWMPulseWidthSet  driverlib.lib(pwm.o)
    0x00003e0e   0x00000002   PAD
    0x00003e10   0x000000d8   Code   RO          792    i.Password          dh.o
    0x00003ee8   0x000003d8   Code   RO         3403    i.ProcessUSBDeviceStateMachine  usblib.lib(usbhostenum.o)
    0x000042c0   0x00000058   Code   RO          527    i.RtcByteRead       rtc.o
    0x00004318   0x00000016   Code   RO          528    i.RtcByteWrite      rtc.o
    0x0000432e   0x00000018   Code   RO          529    i.RtcGet            rtc.o
    0x00004346   0x00000018   Code   RO          530    i.RtcSet            rtc.o
    0x0000435e   0x00000002   PAD
    0x00004360   0x00000010   Code   RO          616    i.SELECT            dual_disk_drv.o
    0x00004370   0x00000154   Code   RO         2728    i.SysCtlClockGet    driverlib.lib(sysctl.o)
    0x000044c4   0x00000014   Code   RO         2754    i.SysCtlPWMClockSet  driverlib.lib(sysctl.o)
    0x000044d8   0x00000028   Code   RO         2759    i.SysCtlPeripheralEnable  driverlib.lib(sysctl.o)
    0x00004500   0x0000002c   Code   RO         2763    i.SysCtlPeripheralReady  driverlib.lib(sysctl.o)
    0x0000452c   0x0000003c   Code   RO         2764    i.SysCtlPeripheralReset  driverlib.lib(sysctl.o)
    0x00004568   0x00000010   Code   RO         2776    i.SysCtlUSBPLLEnable  driverlib.lib(sysctl.o)
    0x00004578   0x00000014   Code   RO          124    i.SysTickIntHandler  bsp.o
    0x0000458c   0x00000060   Code   RO         3071    i.TimerConfigure    driverlib.lib(timer.o)
    0x000045ec   0x00000012   Code   RO         3072    i.TimerControlEvent  driverlib.lib(timer.o)
    0x000045fe   0x00000010   Code   RO         3079    i.TimerDisable      driverlib.lib(timer.o)
    0x0000460e   0x0000000e   Code   RO         3080    i.TimerEnable       driverlib.lib(timer.o)
    0x0000461c   0x0000000a   Code   RO         3082    i.TimerIntDisable   driverlib.lib(timer.o)
    0x00004626   0x00000008   Code   RO         3083    i.TimerIntEnable    driverlib.lib(timer.o)
    0x0000462e   0x00000002   PAD
    0x00004630   0x00000068   Code   RO         3084    i.TimerIntRegister  driverlib.lib(timer.o)
    0x00004698   0x00000012   Code   RO         3089    i.TimerLoadSet      driverlib.lib(timer.o)
    0x000046aa   0x00000012   Code   RO         3093    i.TimerMatchSet     driverlib.lib(timer.o)
    0x000046bc   0x0000005c   Code   RO           33    i.UARTStdioConfig   uartstdio.o
    0x00004718   0x00000012   Code   RO           36    i.UARTprintf        uartstdio.o
    0x0000472a   0x00000002   PAD
    0x0000472c   0x000001b4   Code   RO           37    i.UARTvprintf       uartstdio.o
    0x000048e0   0x0000003c   Code   RO           38    i.UARTwrite         uartstdio.o
    0x0000491c   0x0000005a   Code   RO         5073    i.ULPIConfigSet     usblib.lib(usbulpi.o)
    0x00004976   0x00000002   PAD
    0x00004978   0x000000cc   Code   RO         3735    i.USB0OTGModeIntHandler  usblib.lib(usbmode.o)
    0x00004a44   0x0000000a   Code   RO         3886    i.USBClockEnable    driverlib.lib(usb.o)
    0x00004a4e   0x0000000a   Code   RO         3887    i.USBControllerVersion  driverlib.lib(usb.o)
    0x00004a58   0x00000056   Code   RO         5259    i.USBDCDConfigDescGet  usblib.lib(usbdcdesc.o)
    0x00004aae   0x00000036   Code   RO         5260    i.USBDCDConfigDescGetNum  usblib.lib(usbdcdesc.o)
    0x00004ae4   0x00000022   Code   RO         5261    i.USBDCDConfigDescGetSize  usblib.lib(usbdcdesc.o)
    0x00004b06   0x000000bc   Code   RO         5262    i.USBDCDConfigGetInterface  usblib.lib(usbdcdesc.o)
    0x00004bc2   0x0000005e   Code   RO         5263    i.USBDCDConfigGetInterfaceEndpoint  usblib.lib(usbdcdesc.o)
    0x00004c20   0x000000a4   Code   RO         4518    i.USBDClearFeature  usblib.lib(usbdenum.o)
    0x00004cc4   0x00000074   Code   RO         4519    i.USBDEP0StateTx    usblib.lib(usbdenum.o)
    0x00004d38   0x00000174   Code   RO         4520    i.USBDEP0StateTxConfig  usblib.lib(usbdenum.o)
    0x00004eac   0x00000034   Code   RO         4521    i.USBDGetConfiguration  usblib.lib(usbdenum.o)
    0x00004ee0   0x00000170   Code   RO         4522    i.USBDGetDescriptor  usblib.lib(usbdenum.o)
    0x00005050   0x0000005c   Code   RO         4523    i.USBDGetInterface  usblib.lib(usbdenum.o)
    0x000050ac   0x00000084   Code   RO         4524    i.USBDGetStatus     usblib.lib(usbdenum.o)
    0x00005130   0x0000000a   Code   RO         3889    i.USBDMAChannelAddressSet  driverlib.lib(usb.o)
    0x0000513a   0x00000016   Code   RO         3890    i.USBDMAChannelConfigSet  driverlib.lib(usb.o)
    0x00005150   0x0000000a   Code   RO         3892    i.USBDMAChannelCountSet  driverlib.lib(usb.o)
    0x0000515a   0x00000012   Code   RO         3893    i.USBDMAChannelDisable  driverlib.lib(usb.o)
    0x0000516c   0x00000012   Code   RO         3894    i.USBDMAChannelEnable  driverlib.lib(usb.o)
    0x0000517e   0x00000012   Code   RO         3895    i.USBDMAChannelIntDisable  driverlib.lib(usb.o)
    0x00005190   0x00000012   Code   RO         3896    i.USBDMAChannelIntEnable  driverlib.lib(usb.o)
    0x000051a2   0x00000006   Code   RO         3897    i.USBDMAChannelIntStatus  driverlib.lib(usb.o)
    0x000051a8   0x0000000e   Code   RO         3898    i.USBDMAChannelStatus  driverlib.lib(usb.o)
    0x000051b6   0x00000002   PAD
    0x000051b8   0x0000007c   Code   RO         4525    i.USBDReadAndDispatchRequest  usblib.lib(usbdenum.o)
    0x00005234   0x00000024   Code   RO         4526    i.USBDSetAddress    usblib.lib(usbdenum.o)
    0x00005258   0x000000a4   Code   RO         4527    i.USBDSetConfiguration  usblib.lib(usbdenum.o)
    0x000052fc   0x00000028   Code   RO         4528    i.USBDSetDescriptor  usblib.lib(usbdenum.o)
    0x00005324   0x00000084   Code   RO         4529    i.USBDSetFeature    usblib.lib(usbdenum.o)
    0x000053a8   0x000000bc   Code   RO         4530    i.USBDSetInterface  usblib.lib(usbdenum.o)
    0x00005464   0x00000028   Code   RO         4531    i.USBDSyncFrame     usblib.lib(usbdenum.o)
    0x0000548c   0x00000036   Code   RO         4686    i.USBDescGet        usblib.lib(usbdesc.o)
    0x000054c2   0x0000007a   Code   RO         4687    i.USBDescGetInterface  usblib.lib(usbdesc.o)
    0x0000553c   0x00000042   Code   RO         4688    i.USBDescGetInterfaceEndpoint  usblib.lib(usbdesc.o)
    0x0000557e   0x0000002e   Code   RO         4689    i.USBDescGetNum     usblib.lib(usbdesc.o)
    0x000055ac   0x00000004   Code   RO         3902    i.USBDevAddrSet     driverlib.lib(usb.o)
    0x000055b0   0x0000000a   Code   RO         3904    i.USBDevDisconnect  driverlib.lib(usb.o)
    0x000055ba   0x00000088   Code   RO         3906    i.USBDevEndpointConfigSet  driverlib.lib(usb.o)
    0x00005642   0x00000024   Code   RO         3907    i.USBDevEndpointDataAck  driverlib.lib(usb.o)
    0x00005666   0x00000034   Code   RO         3908    i.USBDevEndpointStall  driverlib.lib(usb.o)
    0x0000569a   0x0000004a   Code   RO         3909    i.USBDevEndpointStallClear  driverlib.lib(usb.o)
    0x000056e4   0x0000005e   Code   RO         3910    i.USBDevEndpointStatusClear  driverlib.lib(usb.o)
    0x00005742   0x0000000e   Code   RO         3913    i.USBDevLPMEnable   driverlib.lib(usb.o)
    0x00005750   0x000001a0   Code   RO         5301    i.USBDeviceConfig   usblib.lib(usbdconfig.o)
    0x000058f0   0x000000c8   Code   RO         5302    i.USBDeviceConfigAlternate  usblib.lib(usbdconfig.o)
    0x000059b8   0x000000ec   Code   RO         4532    i.USBDeviceEnumHandler  usblib.lib(usbdenum.o)
    0x00005aa4   0x00000198   Code   RO         4534    i.USBDeviceIntHandlerInternal  usblib.lib(usbdenum.o)
    0x00005c3c   0x00000058   Code   RO         4535    i.USBDeviceResumeTickHandler  usblib.lib(usbdenum.o)
    0x00005c94   0x0000001a   Code   RO         3917    i.USBEndpointDMAChannel  driverlib.lib(usb.o)
    0x00005cae   0x00000056   Code   RO         3918    i.USBEndpointDMAConfigSet  driverlib.lib(usb.o)
    0x00005d04   0x00000024   Code   RO         3919    i.USBEndpointDMADisable  driverlib.lib(usb.o)
    0x00005d28   0x00000024   Code   RO         3920    i.USBEndpointDMAEnable  driverlib.lib(usb.o)
    0x00005d4c   0x0000001e   Code   RO         3921    i.USBEndpointDataAvail  driverlib.lib(usb.o)
    0x00005d6a   0x00000054   Code   RO         3922    i.USBEndpointDataGet  driverlib.lib(usb.o)
    0x00005dbe   0x0000003a   Code   RO         3923    i.USBEndpointDataPut  driverlib.lib(usb.o)
    0x00005df8   0x00000030   Code   RO         3924    i.USBEndpointDataSend  driverlib.lib(usb.o)
    0x00005e28   0x00000024   Code   RO         3925    i.USBEndpointDataToggleClear  driverlib.lib(usb.o)
    0x00005e4c   0x0000000c   Code   RO         3926    i.USBEndpointPacketCountSet  driverlib.lib(usb.o)
    0x00005e58   0x00000010   Code   RO         3927    i.USBEndpointStatus  driverlib.lib(usb.o)
    0x00005e68   0x00000008   Code   RO         3928    i.USBFIFOAddrGet    driverlib.lib(usb.o)
    0x00005e70   0x00000040   Code   RO         3930    i.USBFIFOConfigSet  driverlib.lib(usb.o)
    0x00005eb0   0x00000050   Code   RO         3931    i.USBFIFOFlush      driverlib.lib(usb.o)
    0x00005f00   0x00000274   Code   RO         3405    i.USBHCDControlTransfer  usblib.lib(usbhostenum.o)
    0x00006174   0x000000a0   Code   RO         3411    i.USBHCDDeviceDisconnected  usblib.lib(usbhostenum.o)
    0x00006214   0x000000a4   Code   RO          125    i.USBHCDEvents      bsp.o
    0x000062b8   0x00000064   Code   RO         3415    i.USBHCDHubDeviceConnected  usblib.lib(usbhostenum.o)
    0x0000631c   0x00000010   Code   RO         3416    i.USBHCDHubDeviceDisconnected  usblib.lib(usbhostenum.o)
    0x0000632c   0x00000100   Code   RO         3417    i.USBHCDInit        usblib.lib(usbhostenum.o)
    0x0000642c   0x00000194   Code   RO         3418    i.USBHCDInitInternal  usblib.lib(usbhostenum.o)
    0x000065c0   0x000000f8   Code   RO         3422    i.USBHCDMain        usblib.lib(usbhostenum.o)
    0x000066b8   0x000002f4   Code   RO         3424    i.USBHCDPipeAllocSize  usblib.lib(usbhostenum.o)
    0x000069ac   0x000000ec   Code   RO         3425    i.USBHCDPipeConfig  usblib.lib(usbhostenum.o)
    0x00006a98   0x00000124   Code   RO         3427    i.USBHCDPipeFree    usblib.lib(usbhostenum.o)
    0x00006bbc   0x000001e8   Code   RO         3428    i.USBHCDPipeRead    usblib.lib(usbhostenum.o)
    0x00006da4   0x000001bc   Code   RO         3433    i.USBHCDPipeWrite   usblib.lib(usbhostenum.o)
    0x00006f60   0x00000014   Code   RO         3434    i.USBHCDPowerAutomatic  usblib.lib(usbhostenum.o)
    0x00006f74   0x0000000c   Code   RO         3436    i.USBHCDPowerConfigInit  usblib.lib(usbhostenum.o)
    0x00006f80   0x00000054   Code   RO         3437    i.USBHCDPowerConfigSet  usblib.lib(usbhostenum.o)
    0x00006fd4   0x00000010   Code   RO         3438    i.USBHCDRegisterDrivers  usblib.lib(usbhostenum.o)
    0x00006fe4   0x0000001c   Code   RO         4886    i.USBHHubEnumerationComplete  usblib.lib(usbhhub.o)
    0x00007000   0x0000001c   Code   RO         4887    i.USBHHubEnumerationError  usblib.lib(usbhhub.o)
    0x0000701c   0x00000044   Code   RO         4888    i.USBHHubInit       usblib.lib(usbhhub.o)
    0x00007060   0x00000378   Code   RO         4891    i.USBHHubMain       usblib.lib(usbhhub.o)
    0x000073d8   0x00000032   Code   RO         3309    i.USBHMSCBlockRead  usblib.lib(usbhmsc.o)
    0x0000740a   0x00000032   Code   RO         3310    i.USBHMSCBlockWrite  usblib.lib(usbhmsc.o)
    0x0000743c   0x0000003c   Code   RO         3311    i.USBHMSCClose      usblib.lib(usbhmsc.o)
    0x00007478   0x00000018   Code   RO         3313    i.USBHMSCDriveOpen  usblib.lib(usbhmsc.o)
    0x00007490   0x00000120   Code   RO         3314    i.USBHMSCDriveReady  usblib.lib(usbhmsc.o)
    0x000075b0   0x000000ac   Code   RO         3317    i.USBHMSCOpen       usblib.lib(usbhmsc.o)
    0x0000765c   0x0000003e   Code   RO         4966    i.USBHSCSIInquiry   usblib.lib(usbhscsi.o)
    0x0000769a   0x00000074   Code   RO         4968    i.USBHSCSIRead10    usblib.lib(usbhscsi.o)
    0x0000770e   0x00000042   Code   RO         4970    i.USBHSCSIReadCapacity  usblib.lib(usbhscsi.o)
    0x00007750   0x0000003c   Code   RO         4971    i.USBHSCSIRequestSense  usblib.lib(usbhscsi.o)
    0x0000778c   0x0000008c   Code   RO         4972    i.USBHSCSISendCommand  usblib.lib(usbhscsi.o)
    0x00007818   0x00000038   Code   RO         4973    i.USBHSCSITestUnitReady  usblib.lib(usbhscsi.o)
    0x00007850   0x0000005c   Code   RO         4974    i.USBHSCSIWrite10   usblib.lib(usbhscsi.o)
    0x000078ac   0x00000016   Code   RO         3935    i.USBHostAddrSet    driverlib.lib(usb.o)
    0x000078c2   0x00000002   PAD
    0x000078c4   0x00000074   Code   RO         3447    i.USBHostCheckPipes  usblib.lib(usbhostenum.o)
    0x00007938   0x000000f2   Code   RO         3936    i.USBHostEndpointConfig  driverlib.lib(usb.o)
    0x00007a2a   0x00000020   Code   RO         3937    i.USBHostEndpointDataAck  driverlib.lib(usb.o)
    0x00007a4a   0x00000028   Code   RO         3941    i.USBHostEndpointStatusClear  driverlib.lib(usb.o)
    0x00007a72   0x00000046   Code   RO         3943    i.USBHostHubAddrSet  driverlib.lib(usb.o)
    0x00007ab8   0x000004a4   Code   RO         3448    i.USBHostIntHandlerInternal  usblib.lib(usbhostenum.o)
    0x00007f5c   0x00000018   Code   RO         3944    i.USBHostLPMConfig  driverlib.lib(usb.o)
    0x00007f74   0x00000008   Code   RO         3947    i.USBHostMode       driverlib.lib(usb.o)
    0x00007f7c   0x0000001a   Code   RO         3948    i.USBHostPwrConfig  driverlib.lib(usb.o)
    0x00007f96   0x0000000e   Code   RO         3949    i.USBHostPwrDisable  driverlib.lib(usb.o)
    0x00007fa4   0x0000000e   Code   RO         3950    i.USBHostPwrEnable  driverlib.lib(usb.o)
    0x00007fb2   0x00000012   Code   RO         3953    i.USBHostRequestIN  driverlib.lib(usb.o)
    0x00007fc4   0x00000016   Code   RO         3954    i.USBHostRequestINClear  driverlib.lib(usb.o)
    0x00007fda   0x00000008   Code   RO         3955    i.USBHostRequestStatus  driverlib.lib(usb.o)
    0x00007fe2   0x00000012   Code   RO         3956    i.USBHostReset      driverlib.lib(usb.o)
    0x00007ff4   0x00000012   Code   RO         3957    i.USBHostResume     driverlib.lib(usb.o)
    0x00008006   0x0000002c   Code   RO         3958    i.USBHostSpeedGet   driverlib.lib(usb.o)
    0x00008032   0x0000000a   Code   RO         3959    i.USBHostSuspend    driverlib.lib(usb.o)
    0x0000803c   0x0000002c   Code   RO         3962    i.USBIntEnableControl  driverlib.lib(usb.o)
    0x00008068   0x00000016   Code   RO         3963    i.USBIntEnableEndpoint  driverlib.lib(usb.o)
    0x0000807e   0x00000002   PAD
    0x00008080   0x0000003c   Code   RO         3965    i.USBIntStatusControl  driverlib.lib(usb.o)
    0x000080bc   0x0000000a   Code   RO         3966    i.USBIntStatusEndpoint  driverlib.lib(usb.o)
    0x000080c6   0x0000000c   Code   RO         3970    i.USBLPMIntEnable   driverlib.lib(usb.o)
    0x000080d2   0x00000006   Code   RO         3971    i.USBLPMIntStatus   driverlib.lib(usb.o)
    0x000080d8   0x00000008   Code   RO         4728    i.USBLibDMAAddrGet  usblib.lib(usbdma.o)
    0x000080e0   0x0000015c   Code   RO         4729    i.USBLibDMAInit     usblib.lib(usbdma.o)
    0x0000823c   0x0000000a   Code   RO         3975    i.USBModeGet        driverlib.lib(usb.o)
    0x00008246   0x0000000a   Code   RO         3976    i.USBNumEndpointsGet  driverlib.lib(usb.o)
    0x00008250   0x00000088   Code   RO         3739    i.USBOTGMain        usblib.lib(usbmode.o)
    0x000082d8   0x00000008   Code   RO         3977    i.USBOTGMode        driverlib.lib(usb.o)
    0x000082e0   0x00000016   Code   RO         3978    i.USBOTGSessionRequest  driverlib.lib(usb.o)
    0x000082f6   0x00000002   PAD
    0x000082f8   0x00000088   Code   RO         3743    i.USBOTGSetMode     usblib.lib(usbmode.o)
    0x00008380   0x0000001c   Code   RO         3744    i.USBStackModeSet   usblib.lib(usbmode.o)
    0x0000839c   0x0000000e   Code   RO         3982    i.USBULPIDisable    driverlib.lib(usb.o)
    0x000083aa   0x0000000e   Code   RO         3983    i.USBULPIEnable     driverlib.lib(usb.o)
    0x000083b8   0x00000020   Code   RO         3984    i.USBULPIRegRead    driverlib.lib(usb.o)
    0x000083d8   0x00000020   Code   RO         3985    i.USBULPIRegWrite   driverlib.lib(usb.o)
    0x000083f8   0x0000008c   Code   RO          793    i.ValidateSchedule  dh.o
    0x00008484   0x00000048   Code   RO          126    i.WTimer5AIntHandler  bsp.o
    0x000084cc   0x0000002c   Code   RO          127    i.WTimer5BIntHandler  bsp.o
    0x000084f8   0x00000030   Code   RO         5586    i.__ARM_fpclassify  m_wm.l(fpclassify.o)
    0x00008528   0x000000d0   Code   RO         5789    i.__hardfp_ldexp    m_wm.l(ldexp.o)
    0x000085f8   0x00000c50   Code   RO         5460    i.__hardfp_pow      m_wm.l(pow.o)
    0x00009248   0x0000003a   Code   RO         5474    i.__hardfp_sqrtf    m_wm.l(sqrtf_full.o)
    0x00009282   0x000000f8   Code   RO         5588    i.__kernel_poly     m_wm.l(poly.o)
    0x0000937a   0x00000006   PAD
    0x00009380   0x00000030   Code   RO         5566    i.__mathlib_dbl_divzero  m_wm.l(dunder.o)
    0x000093b0   0x00000014   Code   RO         5568    i.__mathlib_dbl_infnan2  m_wm.l(dunder.o)
    0x000093c4   0x00000004   PAD
    0x000093c8   0x00000020   Code   RO         5569    i.__mathlib_dbl_invalid  m_wm.l(dunder.o)
    0x000093e8   0x00000020   Code   RO         5570    i.__mathlib_dbl_overflow  m_wm.l(dunder.o)
    0x00009408   0x00000020   Code   RO         5572    i.__mathlib_dbl_underflow  m_wm.l(dunder.o)
    0x00009428   0x000000b8   Code   RO         5690    i.__mathlib_narrow  m_wm.l(narrow.o)
    0x000094e0   0x00000014   Code   RO         5791    i.__support_ldexp   m_wm.l(ldexp.o)
    0x000094f4   0x0000000e   Code   RO         5381    i._is_digit         c_w.l(__printf_wp.o)
    0x00009502   0x00000002   PAD
    0x00009504   0x000000d8   Code   RO          794    i.at_calibration    dh.o
    0x000095dc   0x00000100   Code   RO          795    i.auto_exit_state   dh.o
    0x000096dc   0x0000001c   Code   RO          796    i.auto_mode         dh.o
    0x000096f8   0x000003cc   Code   RO          797    i.auto_setting_state  dh.o
    0x00009ac4   0x000001d0   Code   RO          798    i.auto_wait_state   dh.o
    0x00009c94   0x000000d8   Code   RO          799    i.bp_calibration    dh.o
    0x00009d6c   0x000000c0   Code   RO          128    i.bsp_adc_get_mv    bsp.o
    0x00009e2c   0x00000014   Code   RO          129    i.bsp_chk_disk      bsp.o
    0x00009e40   0x000000e0   Code   RO          130    i.bsp_copy_log      bsp.o
    0x00009f20   0x0000004c   Code   RO          131    i.bsp_create_log    bsp.o
    0x00009f6c   0x00000004   Code   RO          132    i.bsp_delay         bsp.o
    0x00009f70   0x00000060   Code   RO          133    i.bsp_delete_log    bsp.o
    0x00009fd0   0x00000018   Code   RO          134    i.bsp_disable_int_01_hz  bsp.o
    0x00009fe8   0x00000024   Code   RO          135    i.bsp_disable_int_32_hz  bsp.o
    0x0000a00c   0x0000002c   Code   RO          136    i.bsp_eeprom_init   bsp.o
    0x0000a038   0x00000004   Code   RO          137    i.bsp_eeprom_read   bsp.o
    0x0000a03c   0x00000004   Code   RO          138    i.bsp_eeprom_write  bsp.o
    0x0000a040   0x00000018   Code   RO          139    i.bsp_enable_int_01_hz  bsp.o
    0x0000a058   0x00000034   Code   RO          140    i.bsp_enable_int_32_hz  bsp.o
    0x0000a08c   0x00000036   Code   RO          141    i.bsp_get_clock     bsp.o
    0x0000a0c2   0x00000002   PAD
    0x0000a0c4   0x00000394   Code   RO          142    i.bsp_init          bsp.o
    0x0000a458   0x00000016   Code   RO          143    i.bsp_key_scanner   bsp.o
    0x0000a46e   0x00000004   Code   RO          144    i.bsp_lcd_clear     bsp.o
    0x0000a472   0x0000001e   Code   RO          145    i.bsp_lcd_cursor    bsp.o
    0x0000a490   0x00000012   Code   RO          146    i.bsp_lcd_print_char  bsp.o
    0x0000a4a2   0x00000012   Code   RO          147    i.bsp_lcd_print_str  bsp.o
    0x0000a4b4   0x00000010   Code   RO          148    i.bsp_led_off       bsp.o
    0x0000a4c4   0x00000010   Code   RO          149    i.bsp_led_on        bsp.o
    0x0000a4d4   0x00000014   Code   RO          150    i.bsp_mount_disk    bsp.o
    0x0000a4e8   0x00000080   Code   RO          151    i.bsp_print_log     bsp.o
    0x0000a568   0x00000010   Code   RO          152    i.bsp_pump_off      bsp.o
    0x0000a578   0x00000010   Code   RO          153    i.bsp_pump_on       bsp.o
    0x0000a588   0x00000038   Code   RO          154    i.bsp_set_clock     bsp.o
    0x0000a5c0   0x00000098   Code   RO          155    i.bsp_timer_capture_init  bsp.o
    0x0000a658   0x00000008   Code   RO          156    i.bsp_unmount_disk  bsp.o
    0x0000a660   0x00000010   Code   RO          157    i.bsp_valve_close   bsp.o
    0x0000a670   0x00000024   Code   RO          158    i.bsp_valve_open    bsp.o
    0x0000a694   0x00000098   Code   RO          595    i.buttons_init      buttons.o
    0x0000a72c   0x0000006c   Code   RO          596    i.buttons_poll      buttons.o
    0x0000a798   0x000000f0   Code   RO          800    i.calibration_setup  dh.o
    0x0000a888   0x0000005c   Code   RO         1108    i.check_fs          ff.o
    0x0000a8e4   0x00000218   Code   RO         1109    i.chk_mounted       ff.o
    0x0000aafc   0x00000018   Code   RO         1110    i.clust2sect        ff.o
    0x0000ab14   0x0000010c   Code   RO          801    i.comp_on_off       dh.o
    0x0000ac20   0x00000096   Code   RO         1111    i.create_chain      ff.o
    0x0000acb6   0x00000002   PAD
    0x0000acb8   0x00000128   Code   RO         1112    i.create_name       ff.o
    0x0000ade0   0x000002b4   Code   RO          802    i.data_transfer     dh.o
    0x0000b094   0x00000280   Code   RO          803    i.diagnostics       dh.o
    0x0000b314   0x000000e8   Code   RO         1113    i.dir_next          ff.o
    0x0000b3fc   0x00000058   Code   RO         1114    i.dir_read          ff.o
    0x0000b454   0x0000006a   Code   RO         1115    i.dir_register      ff.o
    0x0000b4be   0x00000028   Code   RO         1116    i.dir_remove        ff.o
    0x0000b4e6   0x0000007e   Code   RO         1117    i.dir_sdi           ff.o
    0x0000b564   0x0000019c   Code   RO          618    i.disk0_initialize  dual_disk_drv.o
    0x0000b700   0x00000140   Code   RO          619    i.disk0_ioctl       dual_disk_drv.o
    0x0000b840   0x000000b8   Code   RO          620    i.disk0_read        dual_disk_drv.o
    0x0000b8f8   0x00000010   Code   RO          621    i.disk0_status      dual_disk_drv.o
    0x0000b908   0x000000ac   Code   RO          622    i.disk0_write       dual_disk_drv.o
    0x0000b9b4   0x00000030   Code   RO          624    i.disk1_initialize  dual_disk_drv.o
    0x0000b9e4   0x0000001c   Code   RO          625    i.disk1_ioctl       dual_disk_drv.o
    0x0000ba00   0x0000002c   Code   RO          626    i.disk1_read        dual_disk_drv.o
    0x0000ba2c   0x00000010   Code   RO          627    i.disk1_status      dual_disk_drv.o
    0x0000ba3c   0x00000040   Code   RO          628    i.disk1_write       dual_disk_drv.o
    0x0000ba7c   0x00000010   Code   RO          629    i.disk_initialize   dual_disk_drv.o
    0x0000ba8c   0x00000010   Code   RO          630    i.disk_ioctl        dual_disk_drv.o
    0x0000ba9c   0x00000010   Code   RO          631    i.disk_read         dual_disk_drv.o
    0x0000baac   0x00000010   Code   RO          632    i.disk_status       dual_disk_drv.o
    0x0000babc   0x0000001c   Code   RO          633    i.disk_timerproc    dual_disk_drv.o
    0x0000bad8   0x00000010   Code   RO          634    i.disk_write        dual_disk_drv.o
    0x0000bae8   0x00000016   Code   RO          533    i.ds3231_enable_32k  rtc.o
    0x0000bafe   0x00000016   Code   RO          534    i.ds3231_enable_sqw  rtc.o
    0x0000bb14   0x0000010c   Code   RO          804    i.dusthawk_init     dh.o
    0x0000bc20   0x0000000c   Code   RO          805    i.dusthawk_isr_1_hz  dh.o
    0x0000bc2c   0x000001ec   Code   RO          806    i.dusthawk_isr_32_hz  dh.o
    0x0000be18   0x00000248   Code   RO          807    i.dusthawk_start    dh.o
    0x0000c060   0x00000178   Code   RO          808    i.edit_filter_id    dh.o
    0x0000c1d8   0x000001dc   Code   RO          809    i.edit_float_value  dh.o
    0x0000c3b4   0x000000cc   Code   RO          810    i.edit_flow_rate    dh.o
    0x0000c480   0x00000124   Code   RO          811    i.edit_integer_value_min_max  dh.o
    0x0000c5a4   0x000000d0   Code   RO          812    i.edit_rec_interval  dh.o
    0x0000c674   0x000001fc   Code   RO          813    i.edit_string       dh.o
    0x0000c870   0x000001fc   Code   RO          814    i.edit_string_1     dh.o
    0x0000ca6c   0x00000012   Code   RO         1119    i.f_close           ff.o
    0x0000ca7e   0x0000012e   Code   RO         1121    i.f_lseek           ff.o
    0x0000cbac   0x00000028   Code   RO         1123    i.f_mount           ff.o
    0x0000cbd4   0x00000136   Code   RO         1124    i.f_open            ff.o
    0x0000cd0a   0x00000140   Code   RO         1126    i.f_read            ff.o
    0x0000ce4a   0x00000098   Code   RO         1130    i.f_sync            ff.o
    0x0000cee2   0x000000a4   Code   RO         1132    i.f_unlink          ff.o
    0x0000cf86   0x0000017e   Code   RO         1134    i.f_write           ff.o
    0x0000d104   0x00000018   Code   RO         5582    i.fabs              m_wm.l(fabs.o)
    0x0000d11c   0x000000cc   Code   RO          815    i.factory_settings  dh.o
    0x0000d1e8   0x000000aa   Code   RO         1135    i.follow_path       ff.o
    0x0000d292   0x00000002   PAD
    0x0000d294   0x000000d8   Code   RO          816    i.fp_calibration    dh.o
    0x0000d36c   0x000000d4   Code   RO          817    i.fr_calibration    dh.o
    0x0000d440   0x0000008c   Code   RO         5771    i.frexp             m_wm.l(frexp.o)
    0x0000d4cc   0x000000d8   Code   RO          818    i.ft_calibration    dh.o
    0x0000d5a4   0x000000b8   Code   RO         1136    i.get_fat           ff.o
    0x0000d65c   0x00000008   Code   RO          635    i.get_fattime       dual_disk_drv.o
    0x0000d664   0x00000080   Code   RO          819    i.get_sensor_values  dh.o
    0x0000d6e4   0x00000018   Code   RO          820    i.get_struct        dh.o
    0x0000d6fc   0x00000002   Code   RO         4731    i.iDMAUSBArbSizeSet  usblib.lib(usbdma.o)
    0x0000d6fe   0x00000084   Code   RO         4732    i.iDMAUSBChannelAllocate  usblib.lib(usbdma.o)
    0x0000d782   0x00000034   Code   RO         4733    i.iDMAUSBChannelDisable  usblib.lib(usbdma.o)
    0x0000d7b6   0x00000052   Code   RO         4734    i.iDMAUSBChannelEnable  usblib.lib(usbdma.o)
    0x0000d808   0x00000008   Code   RO         4735    i.iDMAUSBChannelIntDisable  usblib.lib(usbdma.o)
    0x0000d810   0x00000008   Code   RO         4736    i.iDMAUSBChannelIntEnable  usblib.lib(usbdma.o)
    0x0000d818   0x0000003e   Code   RO         4737    i.iDMAUSBChannelRelease  usblib.lib(usbdma.o)
    0x0000d856   0x00000038   Code   RO         4738    i.iDMAUSBChannelStatus  usblib.lib(usbdma.o)
    0x0000d88e   0x00000006   Code   RO         4739    i.iDMAUSBIntStatus  usblib.lib(usbdma.o)
    0x0000d894   0x000000f4   Code   RO         4740    i.iDMAUSBTransfer   usblib.lib(usbdma.o)
    0x0000d988   0x00000002   Code   RO         4741    i.iDMAUSBUnitSizeSet  usblib.lib(usbdma.o)
    0x0000d98a   0x00000002   PAD
    0x0000d98c   0x00000044   Code   RO          821    i.key_scanner       dh.o
    0x0000d9d0   0x00000090   Code   RO          448    i.lcd_clr           lcd.o
    0x0000da60   0x00000014   Code   RO          449    i.lcd_cursor        lcd.o
    0x0000da74   0x00000078   Code   RO          450    i.lcd_init          lcd.o
    0x0000daec   0x0000004c   Code   RO          451    i.lcd_locate        lcd.o
    0x0000db38   0x00000068   Code   RO          455    i.lcd_putc          lcd.o
    0x0000dba0   0x00000014   Code   RO          456    i.lcd_puts          lcd.o
    0x0000dbb4   0x0000007e   Code   RO          458    i.lcd_write         lcd.o
    0x0000dc32   0x00000012   Code   RO         1138    i.ld_clust          ff.o
    0x0000dc44   0x0000026c   Code   RO          822    i.leak_check        dh.o
    0x0000deb0   0x000000d4   Code   RO          823    i.leak_check_limit  dh.o
    0x0000df84   0x000000f4   Code   RO          824    i.machine_setting   dh.o
    0x0000e078   0x00000024   Code   RO            1    i.main              main.o
    0x0000e09c   0x000000dc   Code   RO          825    i.main_menu         dh.o
    0x0000e178   0x0000001c   Code   RO          826    i.maual_mode        dh.o
    0x0000e194   0x00000010   Code   RO         1139    i.mem_cpy           ff.o
    0x0000e1a4   0x0000000e   Code   RO         1140    i.mem_set           ff.o
    0x0000e1b2   0x00000002   PAD
    0x0000e1b4   0x00000148   Code   RO          827    i.memory_erase      dh.o
    0x0000e2fc   0x00000124   Code   RO          828    i.memory_status     dh.o
    0x0000e420   0x000000d4   Code   RO          829    i.menu_scanner      dh.o
    0x0000e4f4   0x0000002e   Code   RO         1141    i.move_window       ff.o
    0x0000e522   0x00000002   PAD
    0x0000e524   0x00000094   Code   RO          636    i.power_on          dual_disk_drv.o
    0x0000e5b8   0x0000002c   Code   RO          830    i.profiler          dh.o
    0x0000e5e4   0x000000f8   Code   RO         1142    i.put_fat           ff.o
    0x0000e6dc   0x00000048   Code   RO          637    i.rcvr_datablock    dual_disk_drv.o
    0x0000e724   0x00000028   Code   RO          638    i.rcvr_spi          dual_disk_drv.o
    0x0000e74c   0x00000062   Code   RO         1143    i.remove_chain      ff.o
    0x0000e7ae   0x00000002   PAD
    0x0000e7b0   0x00000098   Code   RO          831    i.reset_summary     dh.o
    0x0000e848   0x0000006c   Code   RO          535    i.rtc_init          rtc.o
    0x0000e8b4   0x000008b0   Code   RO          832    i.run_module        dh.o
    0x0000f164   0x000000c8   Code   RO          833    i.sample_start      dh.o
    0x0000f22c   0x000001d8   Code   RO          834    i.sampling_summary  dh.o
    0x0000f404   0x00000066   Code   RO          639    i.send_cmd          dual_disk_drv.o
    0x0000f46a   0x00000002   PAD
    0x0000f46c   0x00000054   Code   RO          640    i.send_initial_clock_train  dual_disk_drv.o
    0x0000f4c0   0x00000018   Code   RO          835    i.set_struct        dh.o
    0x0000f4d8   0x000000e8   Code   RO          836    i.shdn_flow_rate    dh.o
    0x0000f5c0   0x000000e4   Code   RO          837    i.shdn_pressure     dh.o
    0x0000f6a4   0x0000006e   Code   RO         5593    i.sqrt              m_wm.l(sqrt_full.o)
    0x0000f712   0x00000010   Code   RO         1144    i.st_clust          ff.o
    0x0000f722   0x000000b6   Code   RO         1145    i.sync_fs           ff.o
    0x0000f7d8   0x00000054   Code   RO         1146    i.sync_window       ff.o
    0x0000f82c   0x0000025c   Code   RO          838    i.time_settings     dh.o
    0x0000fa88   0x00000048   Code   RO         5095    i.uDMAChannelAttributeDisable  driverlib.lib(udma.o)
    0x0000fad0   0x00000020   Code   RO         5098    i.uDMAChannelControlSet  driverlib.lib(udma.o)
    0x0000faf0   0x00000014   Code   RO         5099    i.uDMAChannelDisable  driverlib.lib(udma.o)
    0x0000fb04   0x00000014   Code   RO         5100    i.uDMAChannelEnable  driverlib.lib(udma.o)
    0x0000fb18   0x00000028   Code   RO         5102    i.uDMAChannelModeGet  driverlib.lib(udma.o)
    0x0000fb40   0x00000080   Code   RO         5108    i.uDMAChannelTransferSet  driverlib.lib(udma.o)
    0x0000fbc0   0x00000068   Code   RO         4742    i.uDMAUSBArbSizeSet  usblib.lib(usbdma.o)
    0x0000fc28   0x000000c0   Code   RO         4743    i.uDMAUSBChannelAllocate  usblib.lib(usbdma.o)
    0x0000fce8   0x00000058   Code   RO         4744    i.uDMAUSBChannelDisable  usblib.lib(usbdma.o)
    0x0000fd40   0x0000006a   Code   RO         4745    i.uDMAUSBChannelEnable  usblib.lib(usbdma.o)
    0x0000fdaa   0x00000002   Code   RO         4746    i.uDMAUSBChannelIntDisable  usblib.lib(usbdma.o)
    0x0000fdac   0x00000002   Code   RO         4747    i.uDMAUSBChannelIntEnable  usblib.lib(usbdma.o)
    0x0000fdae   0x0000005a   Code   RO         4748    i.uDMAUSBChannelRelease  usblib.lib(usbdma.o)
    0x0000fe08   0x00000026   Code   RO         4749    i.uDMAUSBChannelStatus  usblib.lib(usbdma.o)
    0x0000fe2e   0x00000034   Code   RO         4750    i.uDMAUSBIntStatus  usblib.lib(usbdma.o)
    0x0000fe62   0x000000c8   Code   RO         4751    i.uDMAUSBTransfer   usblib.lib(usbdma.o)
    0x0000ff2a   0x00000054   Code   RO         4752    i.uDMAUSBUnitSizeSet  usblib.lib(usbdma.o)
    0x0000ff7e   0x00000002   PAD
    0x0000ff80   0x0000003c   Code   RO          159    i.usb_status        bsp.o
    0x0000ffbc   0x000000c8   Code   RO          839    i.user_settings     dh.o
    0x00010084   0x00000026   Code   RO         1147    i.validate          ff.o
    0x000100aa   0x00000002   PAD
    0x000100ac   0x000000c8   Code   RO          840    i.verify_fr_and_fp  dh.o
    0x00010174   0x00000020   Code   RO          641    i.wait_ready        dual_disk_drv.o
    0x00010194   0x00000050   Code   RO          642    i.xmit_datablock    dual_disk_drv.o
    0x000101e4   0x00000024   Code   RO          643    i.xmit_spi          dual_disk_drv.o
    0x00010208   0x0000002c   Code   RO         5668    locale$$code        c_w.l(lc_numeric_c.o)
    0x00010234   0x0000002c   Code   RO         5706    locale$$code        c_w.l(lc_ctype_c.o)
    0x00010260   0x00000018   Code   RO         5539    x$fpl$basic         g_wm.l(basic.o)
    0x00010278   0x000002c4   Code   RO         5430    x$fpl$d2f           g_wm.l(d2f_clz.o)
    0x0001053c   0x0000024c   Code   RO         5432    x$fpl$dadd          g_wm.l(daddsub_clz.o)
    0x00010788   0x0000001c   Code   RO         5670    x$fpl$dcheck1       g_wm.l(dcheck1.o)
    0x000107a4   0x00000018   Code   RO         5765    x$fpl$dcmpinf       g_wm.l(dcmpi.o)
    0x000107bc   0x0000037c   Code   RO         5439    x$fpl$ddiv          g_wm.l(ddiv_clz.o)
    0x00010b38   0x00000074   Code   RO         5767    x$fpl$deqf          g_wm.l(deqf.o)
    0x00010bac   0x0000002e   Code   RO         5443    x$fpl$dflt          g_wm.l(dflt_clz.o)
    0x00010bda   0x0000001a   Code   RO         5444    x$fpl$dfltn         g_wm.l(dflt_clz.o)
    0x00010bf4   0x00000078   Code   RO         5672    x$fpl$dleqf         g_wm.l(dleqf.o)
    0x00010c6c   0x000001c0   Code   RO         5541    x$fpl$dmul          g_wm.l(dmul_clz.o)
    0x00010e2c   0x00000102   Code   RO         5543    x$fpl$dnaninf       g_wm.l(dnaninf.o)
    0x00010f2e   0x00000070   Code   RO         5545    x$fpl$drenorm       g_wm.l(drenorm_clz.o)
    0x00010f9e   0x0000000c   Code   RO         5547    x$fpl$dretinf       g_wm.l(dretinf.o)
    0x00010faa   0x00000062   Code   RO         5549    x$fpl$drleqf        g_wm.l(drleqf.o)
    0x0001100c   0x00000050   Code   RO         5433    x$fpl$drsb          g_wm.l(daddsub_clz.o)
    0x0001105c   0x00000208   Code   RO         5674    x$fpl$dsqrt         g_wm.l(dsqrt_umaalclz.o)
    0x00011264   0x0000029c   Code   RO         5434    x$fpl$dsub          g_wm.l(daddsub_clz.o)
    0x00011500   0x0000017a   Code   RO         5551    x$fpl$dunder        g_wm.l(dunder_clz.o)
    0x0001167a   0x00000002   PAD
    0x0001167c   0x000001ec   Code   RO         5553    x$fpl$exception     g_wm.l(except.o)
    0x00011868   0x0000007a   Code   RO         5448    x$fpl$f2d           g_wm.l(f2d.o)
    0x000118e2   0x000000f2   Code   RO         5555    x$fpl$fnaninf       g_wm.l(fnaninf.o)
    0x000119d4   0x0000000a   Code   RO         5787    x$fpl$fpinit        g_wm.l(fpinit.o)
    0x000119de   0x0000000a   Code   RO         5557    x$fpl$fretinf       g_wm.l(fretinf.o)
    0x000119e8   0x0000013c   Code   RO         5559    x$fpl$funder        g_wm.l(funder_clz.o)
    0x00011b24   0x00000020   Code   RO         5679    x$fpl$ieeestatus    g_wm.l(istatus.o)
    0x00011b44   0x00000004   Code   RO         5450    x$fpl$printf1       g_wm.l(printf1.o)
    0x00011b48   0x00000004   Code   RO         5452    x$fpl$printf2       g_wm.l(printf2.o)
    0x00011b4c   0x000000b2   Code   RO         5681    x$fpl$retnan        g_wm.l(retnan.o)
    0x00011bfe   0x00000002   PAD
    0x00011c00   0x00000114   Code   RO         5561    x$fpl$scalbn        g_wm.l(scalbn_clz.o)
    0x00011d14   0x00000004   Code   RO         5458    x$fpl$scanf1        g_wm.l(scanf1.o)
    0x00011d18   0x00000008   Code   RO         5683    x$fpl$scanf2        g_wm.l(scanf2.o)
    0x00011d20   0x0000007e   Code   RO         5563    x$fpl$trapveneer    g_wm.l(trapv.o)
    0x00011d9e   0x00000000   Code   RO         5565    x$fpl$usenofp       g_wm.l(usenofp.o)
    0x00011d9e   0x00000002   PAD
    0x00011da0   0x0000001c   Data   RO           39    .constdata          uartstdio.o
    0x00011dbc   0x00000010   Data   RO          161    .constdata          bsp.o
    0x00011dcc   0x00000008   Data   RO          162    .constdata          bsp.o
    0x00011dd4   0x00000554   Data   RO          842    .constdata          dh.o
    0x00012328   0x00000210   Data   RO         1795    .constdata          driverlib.lib(gpio.o)
    0x00012538   0x0000010c   Data   RO         2393    .constdata          driverlib.lib(interrupt.o)
    0x00012644   0x00000254   Data   RO         2781    .constdata          driverlib.lib(sysctl.o)
    0x00012898   0x000000a0   Data   RO         3105    .constdata          driverlib.lib(timer.o)
    0x00012938   0x00000010   Data   RO         3319    .constdata          usblib.lib(usbhmsc.o)
    0x00012948   0x00000034   Data   RO         4537    .constdata          usblib.lib(usbdenum.o)
    0x0001297c   0x00000008   Data   RO         5342    .constdata          c_w.l(_printf_wctomb.o)
    0x00012984   0x00000028   Data   RO         5369    .constdata          c_w.l(_printf_hex_int_ll_ptr.o)
    0x000129ac   0x00000011   Data   RO         5389    .constdata          c_w.l(__printf_flags_ss_wp.o)
    0x000129bd   0x00000003   PAD
    0x000129c0   0x00000088   Data   RO         5463    .constdata          m_wm.l(pow.o)
    0x00012a48   0x00000026   Data   RO         5501    .constdata          c_w.l(_printf_fp_hex.o)
    0x00012a6e   0x0000000c   Data   RO         5538    .constdata          c_w.l(_monlen.o)
    0x00012a7a   0x00000006   PAD
    0x00012a80   0x00000008   Data   RO         5590    .constdata          m_wm.l(qnan.o)
    0x00012a88   0x00000094   Data   RO         5643    .constdata          c_w.l(bigflt0.o)
    0x00012b1c   0x00000011   Data   RO           40    .conststring        uartstdio.o
    0x00012b2d   0x00000003   PAD
    0x00012b30   0x0000005b   Data   RO          163    .conststring        bsp.o
    0x00012b8b   0x00000001   PAD
    0x00012b8c   0x00000057   Data   RO          843    .conststring        dh.o
    0x00012be3   0x00000001   PAD
    0x00012be4   0x00000020   Data   RO         5872    Region$$Table       anon$$obj.o
    0x00012c04   0x00000008   Data   RO         5676    c$$dinf             g_wm.l(fpconst.o)
    0x00012c0c   0x0000001c   Data   RO         5667    locale$$data        c_w.l(lc_numeric_c.o)
    0x00012c28   0x00000110   Data   RO         5705    locale$$data        c_w.l(lc_ctype_c.o)


    Execution Region RW_IRAM1 (Base: 0x20000000, Size: 0x000060d0, Max: 0x00008000, ABSOLUTE, COMPRESSED[0x00000080])

    Base Addr    Size         Type   Attr      Idx    E Section Name        Object

    0x20000000   0x00000088   Data   RW            2    .data               main.o
    0x20000088   0x00000008   Data   RW           41    .data               uartstdio.o
    0x20000090   0x00000014   Data   RW          164    .data               bsp.o
    0x200000a4   0x00000003   Data   RW          460    .data               lcd.o
    0x200000a7   0x00000003   Data   RW          597    .data               buttons.o
    0x200000aa   0x00000006   Data   RW          644    .data               dual_disk_drv.o
    0x200000b0   0x00000038   Data   RW          844    .data               dh.o
    0x200000e8   0x0000000c   Data   RW         1148    .data               ff.o
    0x200000f4   0x00000020   Data   RW         3450    .data               usblib.lib(usbhostenum.o)
    0x20000114   0x00000010   Data   RW         3745    .data               usblib.lib(usbmode.o)
    0x20000124   0x00000010   Data   RW         4538    .data               usblib.lib(usbdenum.o)
    0x20000134   0x00000008   Data   RW         4895    .data               usblib.lib(usbhhub.o)
    0x2000013c   0x00000008   Data   RW         5037    .data               usblib.lib(usbtick.o)
    0x20000144   0x00000004   Data   RW         5038    .data               usblib.lib(usbtick.o)
    0x20000148   0x000002b8   PAD
    0x20000400   0x0000026c   Data   RW         2394    vtable              driverlib.lib(interrupt.o)
    0x2000066c   0x00000194   PAD
    0x20000800   0x000008c8   Zero   RW          160    .bss                bsp.o
    0x200010c8   0x00000608   Zero   RW          841    .bss                dh.o
    0x200016d0   0x0000001c   Zero   RW         3318    .bss                usblib.lib(usbhmsc.o)
    0x200016ec   0x00000714   Zero   RW         3449    .bss                usblib.lib(usbhostenum.o)
    0x20001e00   0x00000090   Zero   RW         4536    .bss                usblib.lib(usbdenum.o)
    0x20001e90   0x00000110   Zero   RW         4753    .bss                usblib.lib(usbdma.o)
    0x20001fa0   0x0000009c   Zero   RW         4893    .bss                usblib.lib(usbhhub.o)
    0x2000203c   0x00000030   Zero   RW         5036    .bss                usblib.lib(usbtick.o)
    0x2000206c   0x00000060   Zero   RW         5604    .bss                c_w.l(libspace.o)
    0x200020cc   0x00000004   PAD
    0x200020d0   0x00000000   Zero   RW          113    HEAP                startup_rvmdk.o
    0x200020d0   0x00004000   Zero   RW          112    STACK               startup_rvmdk.o


==============================================================================

Image component sizes


      Code (inc. data)   RO Data    RW Data    ZI Data      Debug   Object Name

      2854        616        115         20       2248      52540   bsp.o
       260         38          0          3          0       2038   buttons.o
     16080       5132       1451         56       1544      55568   dh.o
      2046        186          0          6          0      21735   dual_disk_drv.o
      4492         44          0         12          0      33395   ff.o
       610         44          0          3          0       5477   lcd.o
        36          8          0        136          0       8258   main.o
       462         44          0          0          0       5414   rtc.o
       672        636          0          0      16384        492   startup_rvmdk.o
       606         30         45          8          0       5144   uartstdio.o

    ----------------------------------------------------------------------
     28138       6778       1648        244      20176     190061   Object Totals
         0          0         32          0          0          0   (incl. Generated)
        20          0          5          0          0          0   (incl. Padding)

    ----------------------------------------------------------------------

      Code (inc. data)   RO Data    RW Data    ZI Data      Debug   Library Member Name

        56          0          0          0          0      16919   arm_pid_init_f32.o
        60          8          0          0          0         84   __0sscanf.o
        56          6          0          0          0         88   __2snprintf.o
        44          6          0          0          0         84   __2sprintf.o
        58          0          0          0          0          0   __dczerorl.o
         8          0          0          0          0         68   __main.o
       392          4         17          0          0         92   __printf_flags_ss_wp.o
        14          0          0          0          0         68   __printf_wp.o
         0          0          0          0          0          0   __rtentry.o
        12          0          0          0          0          0   __rtentry2.o
         6          0          0          0          0          0   __rtentry4.o
        52          8          0          0          0          0   __scatter.o
        28          0          0          0          0          0   __scatter_zi.o
        28          0          0          0          0         68   _chval.o
        48          4          0          0          0         84   _fptrap.o
         0          0         12          0          0          0   _monlen.o
         6          0          0          0          0          0   _printf_a.o
         6          0          0          0          0          0   _printf_c.o
        44          0          0          0          0        108   _printf_char.o
        48          6          0          0          0         96   _printf_char_common.o
        40          0          0          0          0         68   _printf_charcount.o
         6          0          0          0          0          0   _printf_d.o
       120         16          0          0          0         92   _printf_dec.o
         6          0          0          0          0          0   _printf_e.o
         6          0          0          0          0          0   _printf_f.o
      1050          0          0          0          0        216   _printf_fp_dec.o
       764          8         38          0          0        100   _printf_fp_hex.o
       128         16          0          0          0         84   _printf_fp_infnan.o
         6          0          0          0          0          0   _printf_g.o
       148          4         40          0          0        160   _printf_hex_int_ll_ptr.o
         6          0          0          0          0          0   _printf_i.o
       178          0          0          0          0         88   _printf_intcommon.o
        10          0          0          0          0          0   _printf_l.o
         6          0          0          0          0          0   _printf_lc.o
        10          0          0          0          0          0   _printf_ll.o
         6          0          0          0          0          0   _printf_lld.o
         6          0          0          0          0          0   _printf_lli.o
         6          0          0          0          0          0   _printf_llo.o
         6          0          0          0          0          0   _printf_llu.o
         6          0          0          0          0          0   _printf_llx.o
       124         16          0          0          0         92   _printf_longlong_dec.o
         6          0          0          0          0          0   _printf_ls.o
         6          0          0          0          0          0   _printf_n.o
         6          0          0          0          0          0   _printf_o.o
       112          8          0          0          0        124   _printf_oct_int_ll.o
         6          0          0          0          0          0   _printf_p.o
        78          0          0          0          0        108   _printf_pad.o
         0          0          0          0          0          0   _printf_percent.o
         4          0          0          0          0          0   _printf_percent_end.o
         6          0          0          0          0          0   _printf_s.o
        82          0          0          0          0         80   _printf_str.o
        36          0          0          0          0         84   _printf_truncate.o
         6          0          0          0          0          0   _printf_u.o
        44          0          0          0          0        108   _printf_wchar.o
       188          6          8          0          0         92   _printf_wctomb.o
         6          0          0          0          0          0   _printf_x.o
        22          0          0          0          0        100   _rserrno.o
       884          6          0          0          0        100   _scanf.o
       224          0          0          0          0         96   _scanf_str.o
        64          0          0          0          0         84   _sgetc.o
        16          0          0          0          0         68   _snputc.o
        10          0          0          0          0         68   _sputc.o
       158          0          0          0          0         92   _strtoul.o
        64          0          0          0          0         92   _wcrtomb.o
        16          0          0          0          0         68   aeabi_memset.o
        26          0          0          0          0         80   atoi.o
       220          4        148          0          0         96   bigflt0.o
      2074        132          0          0          0        940   btod.o
        10          0          0          0          0         68   defsig_exit.o
       172        110          0          0          0         76   defsig_fpe_inner.o
        14          0          0          0          0         80   defsig_fpe_outer.o
        50          0          0          0          0         88   defsig_general.o
        18          0          0          0          0         80   exit.o
         6          0          0          0          0        152   heapauxi.o
         0          0          0          0          0          0   indicate_semi.o
        18          0          0          0          0         76   isspace.o
        44         10        272          0          0         76   lc_ctype_c.o
        44         10         28          0          0         76   lc_numeric_c.o
         2          0          0          0          0          0   libinit.o
        34          0          0          0          0          0   libinit2.o
         2          0          0          0          0          0   libshutdown.o
         2          0          0          0          0          0   libshutdown2.o
         8          4          0          0         96         68   libspace.o
        38          0          0          0          0         68   llshl.o
       138          0          0          0          0         80   lludiv10.o
       428         10          0          0          0        116   mktime.o
        16          4          0          0          0         76   rt_ctype_table.o
         8          4          0          0          0         68   rt_errno_addr_intlibspace.o
         8          4          0          0          0         68   rt_locale_intlibspace.o
        68          0          0          0          0         68   rt_memclr.o
        78          0          0          0          0         80   rt_memclr_w.o
         2          0          0          0          0          0   rtexit.o
        10          0          0          0          0          0   rtexit2.o
        44          8          0          0          0         84   scanf_char.o
      1188         12          0          0          0        148   scanf_fp.o
       800         14          0          0          0        100   scanf_hexfp.o
       308         16          0          0          0        100   scanf_infnan.o
       128          0          0          0          0         68   strcmpv7m.o
        72          0          0          0          0         80   strcpy.o
        62          0          0          0          0         76   strlen.o
       150          0          0          0          0         80   strncmp.o
        86          0          0          0          0         76   strncpy.o
       112          0          0          0          0         88   strtol.o
        12          4          0          0          0         68   sys_exit.o
        74          0          0          0          0         80   sys_stackheap_outer.o
        14          0          0          0          0         76   sys_wrch.o
         2          0          0          0          0         68   use_no_semi.o
        36          4          0          0          0         76   vsprintf.o
       414          6          0          0          0       5883   adc.o
        38          0          0          0          0        536   cpu.o
       476         34          0          0          0       3158   eeprom.o
       696          8        528          0          0       9826   gpio.o
       116         12          0          0          0       4028   i2c.o
       362         32        268        620          0       3892   interrupt.o
       126          0          0          0          0       3248   pwm.o
       526         58        596          0          0       5515   sysctl.o
       302         24        160          0          0       6203   timer.o
       312         32          0          0          0       3985   udma.o
      2120         14          0          0          0      52456   usb.o
        24          0          0          0          0        164   basic.o
       708         16          0          0          0        140   d2f_clz.o
      1336         32          0          0          0        532   daddsub_clz.o
        28          0          0          0          0        116   dcheck1.o
        24          0          0          0          0        116   dcmpi.o
       892        152          0          0          0        292   ddiv_clz.o
       116          8          0          0          0        140   deqf.o
        72          0          0          0          0        232   dflt_clz.o
       120          8          0          0          0        140   dleqf.o
       448         16          0          0          0        164   dmul_clz.o
       258          4          0          0          0        156   dnaninf.o
       112          0          0          0          0        160   drenorm_clz.o
        12          0          0          0          0        116   dretinf.o
        98          0          0          0          0        128   drleqf.o
       520         56          0          0          0        180   dsqrt_umaalclz.o
       378          0          0          0          0        168   dunder_clz.o
       492         36          0          0          0        148   except.o
       122          8          0          0          0        132   f2d.o
       242          4          0          0          0        144   fnaninf.o
         0          0          8          0          0          0   fpconst.o
        10          0          0          0          0        116   fpinit.o
        10          0          0          0          0        116   fretinf.o
       316          0          0          0          0        132   funder_clz.o
        32          4          0          0          0        116   istatus.o
         4          0          0          0          0        116   printf1.o
         4          0          0          0          0        116   printf2.o
       178          0          0          0          0        116   retnan.o
       276          4          0          0          0        124   scalbn_clz.o
         4          0          0          0          0        116   scanf1.o
         8          0          0          0          0        132   scanf2.o
       126          0          0          0          0        148   trapv.o
         0          0          0          0          0          0   usenofp.o
       164         44          0          0          0        620   dunder.o
        24          0          0          0          0        124   fabs.o
        48          0          0          0          0        124   fpclassify.o
       140         22          0          0          0        132   frexp.o
       228          8          0          0          0        308   ldexp.o
       184         18          0          0          0        152   narrow.o
       248          0          0          0          0        152   poly.o
      3152        296        136          0          0        352   pow.o
         0          0          8          0          0          0   qnan.o
       110          0          0          0          0        148   sqrt_full.o
        58          0          0          0          0        136   sqrtf_full.o
       456          0          0          0          0       5815   usbdcdesc.o
       616         12          0          0          0       4441   usbdconfig.o
      2752        198         52         16        144      18154   usbdenum.o
       288          0          0          0          0      14445   usbdesc.o
      2050        124          0          0        272      17691   usbdma.o
      1012         38          0          8        156      10357   usbhhub.o
       644         20         16          0         28      25008   usbhmsc.o
      6680        294          0         32       1812      30862   usbhostenum.o
       592         12          0          0          0       6035   usbhscsi.o
       532         40          0         16          0       6796   usbmode.o
       112         20          0         12         48      15515   usbtick.o
        90          0          0          0          0        648   usbulpi.o

    ----------------------------------------------------------------------
     44982       2188       2344       1400       2964     285332   Library Totals
        70          2          9        696        408          0   (incl. Padding)

    ----------------------------------------------------------------------

      Code (inc. data)   RO Data    RW Data    ZI Data      Debug   Library Name

        56          0          0          0          0      16919   arm_cortexM4lf_math.lib
     12218        472        563          0         96       6952   c_w.l
      5488        220       1552        620          0      98730   driverlib.lib
      6970        348          8          0          0       4716   g_wm.l
      4356        388        144          0          0       2248   m_wm.l
     15824        758         68         84       2460     155767   usblib.lib

    ----------------------------------------------------------------------
     44982       2188       2344       1400       2964     285332   Library Totals

    ----------------------------------------------------------------------

==============================================================================


      Code (inc. data)   RO Data    RW Data    ZI Data      Debug   

     73120       8966       3992       1644      23140     427641   Grand Totals
     73120       8966       3992        128      23140     427641   ELF Image Totals (compressed)
     73120       8966       3992        128          0          0   ROM Totals

==============================================================================

    Total RO  Size (Code + RO Data)                77112 (  75.30kB)
    Total RW  Size (RW Data + ZI Data)             24784 (  24.20kB)
    Total ROM Size (Code + RO Data + RW Data)      77240 (  75.43kB)

==============================================================================

